Archive member included to satisfy reference by file (symbol)

c:/program files/microchip/xc32/v4.39/bin/bin/../../lib/gcc/pic32c/8.3.1/../../../../pic32c/lib/thumb/v8-m.base/nofp\libpic32c.a(data_init.o)
                              build/pic32cm_gc_curiosity_pro/production/_ext/1291214997/startup_xc32.o (__pic32c_data_initialization)
c:/program files/microchip/xc32/v4.39/bin/bin/../../lib/gcc/pic32c/8.3.1/../../../../pic32c/lib/thumb/v8-m.base/nofp\libm-fast-emfloat.a(__aeabi_fadd.o)
                              build/pic32cm_gc_curiosity_pro/production/_ext/1527759270/plib_sercom1_i2c_master.o (__aeabi_fadd)
c:/program files/microchip/xc32/v4.39/bin/bin/../../lib/gcc/pic32c/8.3.1/../../../../pic32c/lib/thumb/v8-m.base/nofp\libm-fast-emfloat.a(__aeabi_fsub.o)
                              build/pic32cm_gc_curiosity_pro/production/_ext/1527759270/plib_sercom1_i2c_master.o (__aeabi_fsub)
c:/program files/microchip/xc32/v4.39/bin/bin/../../lib/gcc/pic32c/8.3.1/../../../../pic32c/lib/thumb/v8-m.base/nofp\libm-fast-emfloat.a(__aeabi_fmul.o)
                              build/pic32cm_gc_curiosity_pro/production/_ext/949596075/Proximity3.o (__aeabi_fmul)
c:/program files/microchip/xc32/v4.39/bin/bin/../../lib/gcc/pic32c/8.3.1/../../../../pic32c/lib/thumb/v8-m.base/nofp\libm-fast-emfloat.a(__aeabi_fdiv.o)
                              build/pic32cm_gc_curiosity_pro/production/_ext/1312294611/Bme280.o (__aeabi_fdiv)
c:/program files/microchip/xc32/v4.39/bin/bin/../../lib/gcc/pic32c/8.3.1/../../../../pic32c/lib/thumb/v8-m.base/nofp\libm-fast-emfloat.a(__aeabi_fcmplt.o)
                              build/pic32cm_gc_curiosity_pro/production/_ext/714996767/plib_can0.o (__aeabi_fcmplt)
c:/program files/microchip/xc32/v4.39/bin/bin/../../lib/gcc/pic32c/8.3.1/../../../../pic32c/lib/thumb/v8-m.base/nofp\libm-fast-emfloat.a(__aeabi_f2iz.o)
                              build/pic32cm_gc_curiosity_pro/production/_ext/1312294611/WeatherClick.o (__aeabi_f2iz)
c:/program files/microchip/xc32/v4.39/bin/bin/../../lib/gcc/pic32c/8.3.1/../../../../pic32c/lib/thumb/v8-m.base/nofp\libm-fast-emfloat.a(__aeabi_f2uiz.o)
                              build/pic32cm_gc_curiosity_pro/production/_ext/949596075/Proximity3.o (__aeabi_f2uiz)
c:/program files/microchip/xc32/v4.39/bin/bin/../../lib/gcc/pic32c/8.3.1/../../../../pic32c/lib/thumb/v8-m.base/nofp\libm-fast-emfloat.a(__aeabi_i2f.o)
                              build/pic32cm_gc_curiosity_pro/production/_ext/949596075/Proximity3.o (__aeabi_i2f)
c:/program files/microchip/xc32/v4.39/bin/bin/../../lib/gcc/pic32c/8.3.1/../../../../pic32c/lib/thumb/v8-m.base/nofp\libm-fast-emfloat.a(__aeabi_ui2f.o)
                              build/pic32cm_gc_curiosity_pro/production/_ext/1312294611/Bme280.o (__aeabi_ui2f)
c:/program files/microchip/xc32/v4.39/bin/bin/../../lib/gcc/pic32c/8.3.1/../../../../pic32c/lib/thumb/v8-m.base/nofp\libc-musl.a(__libc_start_main.o)
                              build/pic32cm_gc_curiosity_pro/production/_ext/1291214997/startup_xc32.o (__libc_init_array)
c:/program files/microchip/xc32/v4.39/bin/bin/../../lib/gcc/pic32c/8.3.1/../../../../pic32c/lib/thumb/v8-m.base/nofp\libc-musl.a(libc.o)
                              c:/program files/microchip/xc32/v4.39/bin/bin/../../lib/gcc/pic32c/8.3.1/../../../../pic32c/lib/thumb/v8-m.base/nofp\libc-musl.a(__libc_start_main.o) (__progname_full)
c:/program files/microchip/xc32/v4.39/bin/bin/../../lib/gcc/pic32c/8.3.1/../../../../pic32c/lib/thumb/v8-m.base/nofp\libc-musl.a(__sio_printf_cdnpsxX.o)
                              (_printf_cdnpsxX)
c:/program files/microchip/xc32/v4.39/bin/bin/../../lib/gcc/pic32c/8.3.1/../../../../pic32c/lib/thumb/v8-m.base/nofp\libc-musl.a(__fmt_d.o)
                              c:/program files/microchip/xc32/v4.39/bin/bin/../../lib/gcc/pic32c/8.3.1/../../../../pic32c/lib/thumb/v8-m.base/nofp\libc-musl.a(__sio_printf_cdnpsxX.o) (__fmt_d_needed)
c:/program files/microchip/xc32/v4.39/bin/bin/../../lib/gcc/pic32c/8.3.1/../../../../pic32c/lib/thumb/v8-m.base/nofp\libc-musl.a(__fmt_s.o)
                              c:/program files/microchip/xc32/v4.39/bin/bin/../../lib/gcc/pic32c/8.3.1/../../../../pic32c/lib/thumb/v8-m.base/nofp\libc-musl.a(__sio_printf_cdnpsxX.o) (__fmt_s_needed)
c:/program files/microchip/xc32/v4.39/bin/bin/../../lib/gcc/pic32c/8.3.1/../../../../pic32c/lib/thumb/v8-m.base/nofp\libc-musl.a(__fmt_x.o)
                              c:/program files/microchip/xc32/v4.39/bin/bin/../../lib/gcc/pic32c/8.3.1/../../../../pic32c/lib/thumb/v8-m.base/nofp\libc-musl.a(__sio_printf_cdnpsxX.o) (__fmt_x_needed)
c:/program files/microchip/xc32/v4.39/bin/bin/../../lib/gcc/pic32c/8.3.1/../../../../pic32c/lib/thumb/v8-m.base/nofp\libc-musl.a(__pop_int.o)
                              c:/program files/microchip/xc32/v4.39/bin/bin/../../lib/gcc/pic32c/8.3.1/../../../../pic32c/lib/thumb/v8-m.base/nofp\libc-musl.a(__sio_printf_cdnpsxX.o) (__pop_int_needed)
[...]
Memory Configuration

Name             Origin             Length             Attributes
boot_rom         0x08000000         0x00004000         xrl
rom              0x0c000000         0x00080000         xrl
ram              0x20000000         0x00020000         xw !r
*default*        0x00000000         0xffffffff

Linker script and memory map

LOAD c:/program files/microchip/xc32/v4.39/bin/bin/../../lib/gcc/pic32c/8.3.1/thumb/v8-m.base/nofp/crti.o
LOAD c:/program files/microchip/xc32/v4.39/bin/bin/../../lib/gcc/pic32c/8.3.1/thumb/v8-m.base/nofp/crtbegin.o
LOAD build/pic32cm_gc_curiosity_pro/production/_ext/803290761/Ambient.o
LOAD build/pic32cm_gc_curiosity_pro/production/_ext/949596075/Proximity3.o
LOAD build/pic32cm_gc_curiosity_pro/production/_ext/471585352/RcServo.o
LOAD build/pic32cm_gc_curiosity_pro/production/_ext/1312294611/Bme280.o
LOAD build/pic32cm_gc_curiosity_pro/production/_ext/1312294611/WeatherClick.o
LOAD build/pic32cm_gc_curiosity_pro/production/_ext/853750373/bsp.o
LOAD build/pic32cm_gc_curiosity_pro/production/_ext/1448873790/drv_spi.o
LOAD build/pic32cm_gc_curiosity_pro/production/_ext/1523867863/drv_usart.o
LOAD build/pic32cm_gc_curiosity_pro/production/_ext/714998607/plib_adc.o
LOAD build/pic32cm_gc_curiosity_pro/production/_ext/83206111/plib_clock.o
LOAD build/pic32cm_gc_curiosity_pro/production/_ext/690022278/plib_dmac.o
LOAD build/pic32cm_gc_curiosity_pro/production/_ext/714994608/plib_eic.o
LOAD build/pic32cm_gc_curiosity_pro/production/_ext/85355597/plib_evsys.o
LOAD build/pic32cm_gc_curiosity_pro/production/_ext/689715471/plib_nvic.o
LOAD build/pic32cm_gc_curiosity_pro/production/_ext/392577996/plib_pm.o
LOAD build/pic32cm_gc_curiosity_pro/production/_ext/689662320/plib_port.o
LOAD build/pic32cm_gc_curiosity_pro/production/_ext/1527759270/plib_sercom1_i2c_master.o
LOAD build/pic32cm_gc_curiosity_pro/production/_ext/1036524628/plib_sercom2_spi_master.o
LOAD build/pic32cm_gc_curiosity_pro/production/_ext/2020896858/plib_sercom3_usart.o
LOAD build/pic32cm_gc_curiosity_pro/production/_ext/2020896858/plib_sercom4_usart.o
LOAD build/pic32cm_gc_curiosity_pro/production/_ext/714980379/plib_tcc0.o
LOAD build/pic32cm_gc_curiosity_pro/production/_ext/714980379/plib_tcc1.o
LOAD build/pic32cm_gc_curiosity_pro/production/_ext/714980379/plib_tcc3.o
LOAD build/pic32cm_gc_curiosity_pro/production/_ext/2062074510/sdl_drv_common.o
LOAD build/pic32cm_gc_curiosity_pro/production/_ext/8787811/sdl_common.o
LOAD build/pic32cm_gc_curiosity_pro/production/_ext/731817458/sdl_drv_port.o
LOAD build/pic32cm_gc_curiosity_pro/production/_ext/1496808455/sdl_port.o
LOAD build/pic32cm_gc_curiosity_pro/production/_ext/532237110/sdl_drv_systick.o
LOAD build/pic32cm_gc_curiosity_pro/production/_ext/99633435/xc32_monitor.o
LOAD build/pic32cm_gc_curiosity_pro/production/_ext/1183487548/sys_dma.o
LOAD build/pic32cm_gc_curiosity_pro/production/_ext/1106506504/sys_int.o
LOAD build/pic32cm_gc_curiosity_pro/production/_ext/1291214997/libc_syscalls.o
LOAD build/pic32cm_gc_curiosity_pro/production/_ext/1291214997/initialization.o
LOAD build/pic32cm_gc_curiosity_pro/production/_ext/1291214997/exceptions.o
LOAD build/pic32cm_gc_curiosity_pro/production/_ext/1291214997/interrupts.o
LOAD build/pic32cm_gc_curiosity_pro/production/_ext/1291214997/startup_xc32.o
LOAD build/pic32cm_gc_curiosity_pro/production/_ext/603174789/pwm_driver.o
LOAD build/pic32cm_gc_curiosity_pro/production/_ext/193257301/spi_async_driver.o
LOAD build/pic32cm_gc_curiosity_pro/production/_ext/1360937237/platform_setup.o
LOAD build/pic32cm_gc_curiosity_pro/production/_ext/1360937237/pthread_create_example.o
LOAD build/pic32cm_gc_curiosity_pro/production/_ext/714996767/plib_can0.o
LOAD build/pic32cm_gc_curiosity_pro/production/_ext/508636337/can_driver.o
                0x00000001                __MPLAB_BUILD = 0x1
                0x0c080000                __rom_end = (ORIGIN (rom) + LENGTH (rom))
                0x20020000                __ram_end = (ORIGIN (ram) + LENGTH (ram))

.vectors        0x08000000      0x26c
                0x08000000                . = ALIGN (0x4)
                0x08000000                _sfixed = .
 *(.vectors .vectors.* .vectors_default .vectors_default.*)
 .vectors.exception_table
                0x08000000      0x26c build/pic32cm_gc_curiosity_pro/production/_ext/1291214997/interrupts.o
                0x08000000                exception_table
 *(.isr_vector)
 *(.reset*)
 *(.after_vectors)

.text           0x0c000000       0x20
                0x0c000000                . = ALIGN (0x4)
 *(.glue_7t)
 .glue_7t       0x0c000000        0x0 linker stubs
 *(.glue_7)
 .glue_7        0x0c000000        0x0 linker stubs
 *(.gnu.linkonce.r.*)
 *(.ARM.extab* .gnu.linkonce.armextab.*)
                0x0c000000                . = ALIGN (0x4)
 *(.init)
 .init          0x0c000000        0x4 c:/program files/microchip/xc32/v4.39/bin/bin/../../lib/gcc/pic32c/8.3.1/thumb/v8-m.base/nofp/crti.o
                0x0c000000                _init
 .init          0x0c000004        0x8 c:/program files/microchip/xc32/v4.39/bin/bin/../../lib/gcc/pic32c/8.3.1/thumb/v8-m.base/nofp/crtn.o
                0x0c00000c                . = ALIGN (0x4)
                0x0c00000c                __preinit_array_start = .
 *(.preinit_array)
                0x0c00000c                __preinit_array_end = .
                0x0c00000c                . = ALIGN (0x4)
                0x0c00000c                __init_array_start = .
 *(SORT_BY_NAME(.init_array.*))
 *(.init_array)
 .init_array    0x0c00000c        0x4 c:/program files/microchip/xc32/v4.39/bin/bin/../../lib/gcc/pic32c/8.3.1/thumb/v8-m.base/nofp/crtbegin.o
                0x0c000010                __init_array_end = .
                0x0c000010                . = ALIGN (0x4)
 *crtbegin.o(.ctors)
 *(EXCLUDE_FILE(*crtend.o) .ctors)
 *(SORT_BY_NAME(.ctors.*))
 *crtend.o(.ctors)
                0x0c000010                . = ALIGN (0x4)
 *(.fini)
 .fini          0x0c000010        0x4 c:/program files/microchip/xc32/v4.39/bin/bin/../../lib/gcc/pic32c/8.3.1/thumb/v8-m.base/nofp/crti.o
                0x0c000010                _fini
 .fini          0x0c000014        0x8 c:/program files/microchip/xc32/v4.39/bin/bin/../../lib/gcc/pic32c/8.3.1/thumb/v8-m.base/nofp/crtn.o
                0x0c00001c                . = ALIGN (0x4)
                0x0c00001c                __fini_array_start = .
 *(.fini_array)
 .fini_array    0x0c00001c        0x4 c:/program files/microchip/xc32/v4.39/bin/bin/../../lib/gcc/pic32c/8.3.1/thumb/v8-m.base/nofp/crtbegin.o
 *(SORT_BY_NAME(.fini_array.*))
                0x0c000020                __fini_array_end = .
 *crtbegin.o(.dtors)
 *(EXCLUDE_FILE(*crtend.o) .dtors)
 *(SORT_BY_NAME(.dtors.*))
 *crtend.o(.dtors)
                0x0c000020                . = ALIGN (0x4)
                0x0c000020                _efixed = .
                [!provide]                PROVIDE (__exidx_start = .)

.ARM.exidx      0x0c000020        0x8
 *(.ARM.exidx* .gnu.linkonce.armexidx.*)
 .ARM.exidx     0x0c000020        0x8 c:/program files/microchip/xc32/v4.39/bin/bin/../../lib/gcc/pic32c/8.3.1/thumb/v8-m.base/nofp\libgcc.a(_udivmoddi4.o)
                [!provide]                PROVIDE (__exidx_end = .)
                0x0c000028                . = ALIGN (0x4)
                0x0c000028                _etext = .

.bss            0x20000000        0x0
                0x20000000                . = ALIGN (0x4)
                0x20000000                __bss_start__ = .
                0x20000000                _sbss = .
                0x20000000                _szero = .
 *(COMMON)
                0x20000000                . = ALIGN (0x4)
                0x20000000                __bss_end__ = .
                0x20000000                _ebss = .
                0x20000000                _ezero = .
                0x20000000                . = ALIGN (0x4)
                0x20000000                _end = .
                0x2001ffff                _ram_end_ = ((ORIGIN (ram) + LENGTH (ram)) - 0x1)
                0x2001fffc                PROVIDE (__StackTop = (_ram_end_ - 0x3))
                0x2001fbfc                PROVIDE (__StackLimit = (__StackTop - 0x400))
                0x00000200                _min_heap_size = 0x200
                0x00000400                _min_stack_size = 0x400
LOAD ../../../px5_rtos/px5.o
LOAD ../../../px5_rtos/px5_binding.o
START GROUP
LOAD c:/program files/microchip/xc32/v4.39/bin/bin/../../lib/gcc/pic32c/8.3.1/../../../../pic32c/lib/thumb/v8-m.base/nofp\libpic32c.a
LOAD c:/program files/microchip/xc32/v4.39/bin/bin/../../lib/gcc/pic32c/8.3.1/../../../../pic32c/lib/thumb/v8-m.base/nofp\libm-fast-emfloat.a
LOAD c:/program files/microchip/xc32/v4.39/bin/bin/../../lib/gcc/pic32c/8.3.1/../../../../pic32c/lib/thumb/v8-m.base/nofp\libc-musl.a
LOAD c:/program files/microchip/xc32/v4.39/bin/bin/../../lib/gcc/pic32c/8.3.1/../../../../pic32c/lib/thumb/v8-m.base/nofp\libm-fast-emfloat.a
LOAD c:/program files/microchip/xc32/v4.39/bin/bin/../../lib/gcc/pic32c/8.3.1/thumb/v8-m.base/nofp\libgcc.a
END GROUP
LOAD c:/program files/microchip/xc32/v4.39/bin/bin/../../lib/gcc/pic32c/8.3.1/thumb/v8-m.base/nofp/crtend.o
LOAD c:/program files/microchip/xc32/v4.39/bin/bin/../../lib/gcc/pic32c/8.3.1/thumb/v8-m.base/nofp/crtn.o
OUTPUT(dist/pic32cm_gc_curiosity_pro/production/pthread_create_example.X.production.elf elf32-littlearm)
LOAD data_init
LOAD stack

.ARM.attributes
                0x00000000       0x2e
 .ARM.attributes
                0x00000000       0x22 c:/program files/microchip/xc32/v4.39/bin/bin/../../lib/gcc/pic32c/8.3.1/thumb/v8-m.base/nofp/crti.o
 .ARM.attributes
                0x00000022       0x30 c:/program files/microchip/xc32/v4.39/bin/bin/../../lib/gcc/pic32c/8.3.1/thumb/v8-m.base/nofp/crtbegin.o
 .ARM.attributes
                0x00000052       0x30 build/pic32cm_gc_curiosity_pro/production/_ext/471585352/RcServo.o
 .ARM.attributes
                0x00000082       0x30 build/pic32cm_gc_curiosity_pro/production/_ext/853750373/bsp.o
 .ARM.attributes
                0x000000b2       0x30 build/pic32cm_gc_curiosity_pro/production/_ext/1448873790/drv_spi.o
 .ARM.attributes
                0x000000e2       0x30 build/pic32cm_gc_curiosity_pro/production/_ext/1523867863/drv_usart.o
 .ARM.attributes
                0x00000112       0x30 build/pic32cm_gc_curiosity_pro/production/_ext/714998607/plib_adc.o
 .ARM.attributes
                0x00000142       0x30 build/pic32cm_gc_curiosity_pro/production/_ext/83206111/plib_clock.o
 .ARM.attributes
                0x00000172       0x30 build/pic32cm_gc_curiosity_pro/production/_ext/690022278/plib_dmac.o
 .ARM.attributes
                0x000001a2       0x30 build/pic32cm_gc_curiosity_pro/production/_ext/714994608/plib_eic.o
 .ARM.attributes
                0x000001d2       0x30 build/pic32cm_gc_curiosity_pro/production/_ext/85355597/plib_evsys.o
 .ARM.attributes
                0x00000202       0x30 build/pic32cm_gc_curiosity_pro/production/_ext/689715471/plib_nvic.o
 .ARM.attributes
                0x00000232       0x30 build/pic32cm_gc_curiosity_pro/production/_ext/392577996/plib_pm.o
 .ARM.attributes
                0x00000262       0x30 build/pic32cm_gc_curiosity_pro/production/_ext/689662320/plib_port.o
 .ARM.attributes
                0x00000292       0x30 build/pic32cm_gc_curiosity_pro/production/_ext/1527759270/plib_sercom1_i2c_master.o
 .ARM.attributes
                0x000002c2       0x30 build/pic32cm_gc_curiosity_pro/production/_ext/1036524628/plib_sercom2_spi_master.o
 .ARM.attributes
                0x000002f2       0x30 build/pic32cm_gc_curiosity_pro/production/_ext/2020896858/plib_sercom3_usart.o
 .ARM.attributes
                0x00000322       0x30 build/pic32cm_gc_curiosity_pro/production/_ext/2020896858/plib_sercom4_usart.o
 .ARM.attributes
                0x00000352       0x30 build/pic32cm_gc_curiosity_pro/production/_ext/714980379/plib_tcc0.o
 .ARM.attributes
                0x00000382       0x30 build/pic32cm_gc_curiosity_pro/production/_ext/714980379/plib_tcc1.o
 .ARM.attributes
                0x000003b2       0x30 build/pic32cm_gc_curiosity_pro/production/_ext/714980379/plib_tcc3.o
 .ARM.attributes
                0x000003e2       0x30 build/pic32cm_gc_curiosity_pro/production/_ext/99633435/xc32_monitor.o
 .ARM.attributes
                0x00000412       0x30 build/pic32cm_gc_curiosity_pro/production/_ext/1183487548/sys_dma.o
 .ARM.attributes
                0x00000442       0x30 build/pic32cm_gc_curiosity_pro/production/_ext/1106506504/sys_int.o
 .ARM.attributes
                0x00000472       0x30 build/pic32cm_gc_curiosity_pro/production/_ext/1291214997/initialization.o
 .ARM.attributes
                0x000004a2       0x30 build/pic32cm_gc_curiosity_pro/production/_ext/1291214997/exceptions.o
 .ARM.attributes
                0x000004d2       0x30 build/pic32cm_gc_curiosity_pro/production/_ext/1291214997/interrupts.o
 .ARM.attributes
                0x00000502       0x30 build/pic32cm_gc_curiosity_pro/production/_ext/1291214997/startup_xc32.o
 .ARM.attributes
                0x00000532       0x30 build/pic32cm_gc_curiosity_pro/production/_ext/603174789/pwm_driver.o
 .ARM.attributes
                0x00000562       0x30 build/pic32cm_gc_curiosity_pro/production/_ext/193257301/spi_async_driver.o
 .ARM.attributes
                0x00000592       0x30 build/pic32cm_gc_curiosity_pro/production/_ext/1360937237/platform_setup.o
 .ARM.attributes
                0x000005c2       0x30 build/pic32cm_gc_curiosity_pro/production/_ext/1360937237/pthread_create_example.o
 .ARM.attributes
                0x000005f2       0x30 build/pic32cm_gc_curiosity_pro/production/_ext/714996767/plib_can0.o
 .ARM.attributes
                0x00000622       0x30 build/pic32cm_gc_curiosity_pro/production/_ext/508636337/can_driver.o
 .ARM.attributes
                0x00000652       0x30 ../../../px5_rtos/px5.o
 .ARM.attributes
                0x00000682       0x21 ../../../px5_rtos/px5_binding.o
 .ARM.attributes
                0x000006a3       0x30 c:/program files/microchip/xc32/v4.39/bin/bin/../../lib/gcc/pic32c/8.3.1/../../../../pic32c/lib/thumb/v8-m.base/nofp\libpic32c.a(data_init.o)
 .ARM.attributes
                0x000006d3       0x32 c:/program files/microchip/xc32/v4.39/bin/bin/../../lib/gcc/pic32c/8.3.1/../../../../pic32c/lib/thumb/v8-m.base/nofp\libc-musl.a(__libc_start_main.o)
 .ARM.attributes
                0x00000705       0x32 c:/program files/microchip/xc32/v4.39/bin/bin/../../lib/gcc/pic32c/8.3.1/../../../../pic32c/lib/thumb/v8-m.base/nofp\libc-musl.a(libc.o)
 .ARM.attributes
                0x00000737       0x32 c:/program files/microchip/xc32/v4.39/bin/bin/../../lib/gcc/pic32c/8.3.1/../../../../pic32c/lib/thumb/v8-m.base/nofp\libc-musl.a(__sio_printf_cdnpsxX.o)
 .ARM.attributes
                0x00000769       0x32 c:/program files/microchip/xc32/v4.39/bin/bin/../../lib/gcc/pic32c/8.3.1/../../../../pic32c/lib/thumb/v8-m.base/nofp\libc-musl.a(__fmt_d.o)
 .ARM.attributes
                0x0000079b       0x32 c:/program files/microchip/xc32/v4.39/bin/bin/../../lib/gcc/pic32c/8.3.1/../../../../pic32c/lib/thumb/v8-m.base/nofp\libc-musl.a(__fmt_s.o)
 .ARM.attributes
                0x000007cd       0x32 c:/program files/microchip/xc32/v4.39/bin/bin/../../lib/gcc/pic32c/8.3.1/../../../../pic32c/lib/thumb/v8-m.base/nofp\libc-musl.a(__fmt_x.o)
 .ARM.attributes
                0x000007ff       0x32 c:/program files/microchip/xc32/v4.39/bin/bin/../../lib/gcc/pic32c/8.3.1/../../../../pic32c/lib/thumb/v8-m.base/nofp\libc-musl.a(__pop_int.o)
 .ARM.attributes
                0x00000831       0x32 c:/program files/microchip/xc32/v4.39/bin/bin/../../lib/gcc/pic32c/8.3.1/../../../../pic32c/lib/thumb/v8-m.base/nofp\libc-musl.a(__pop_ptr.o)
 .ARM.attributes
                0x00000863       0x32 c:/program files/microchip/xc32/v4.39/bin/bin/../../lib/gcc/pic32c/8.3.1/../../../../pic32c/lib/thumb/v8-m.base/nofp\libc-musl.a(__printf_core.o)
 .ARM.attributes
                0x00000895       0x32 c:/program files/microchip/xc32/v4.39/bin/bin/../../lib/gcc/pic32c/8.3.1/../../../../pic32c/lib/thumb/v8-m.base/nofp\libc-musl.a(stdin.o)
 .ARM.attributes
                0x000008c7       0x32 c:/program files/microchip/xc32/v4.39/bin/bin/../../lib/gcc/pic32c/8.3.1/../../../../pic32c/lib/thumb/v8-m.base/nofp\libc-musl.a(stdout.o)
 .ARM.attributes
                0x000008f9       0x32 c:/program files/microchip/xc32/v4.39/bin/bin/../../lib/gcc/pic32c/8.3.1/../../../../pic32c/lib/thumb/v8-m.base/nofp\libc-musl.a(puts.o)
 .ARM.attributes
                0x0000092b       0x32 c:/program files/microchip/xc32/v4.39/bin/bin/../../lib/gcc/pic32c/8.3.1/../../../../pic32c/lib/thumb/v8-m.base/nofp\libc-musl.a(setbuf.o)
 .ARM.attributes
                0x0000095d       0x32 c:/program files/microchip/xc32/v4.39/bin/bin/../../lib/gcc/pic32c/8.3.1/../../../../pic32c/lib/thumb/v8-m.base/nofp\libc-musl.a(atoi.o)
 .ARM.attributes
                0x0000098f       0x32 c:/program files/microchip/xc32/v4.39/bin/bin/../../lib/gcc/pic32c/8.3.1/../../../../pic32c/lib/thumb/v8-m.base/nofp\libc-musl.a(memcpy.o)
 .ARM.attributes
                0x000009c1       0x32 c:/program files/microchip/xc32/v4.39/bin/bin/../../lib/gcc/pic32c/8.3.1/../../../../pic32c/lib/thumb/v8-m.base/nofp\libc-musl.a(memset.o)
 .ARM.attributes
                0x000009f3       0x32 c:/program files/microchip/xc32/v4.39/bin/bin/../../lib/gcc/pic32c/8.3.1/../../../../pic32c/lib/thumb/v8-m.base/nofp\libc-musl.a(strlen.o)
 .ARM.attributes
                0x00000a25       0x32 c:/program files/microchip/xc32/v4.39/bin/bin/../../lib/gcc/pic32c/8.3.1/../../../../pic32c/lib/thumb/v8-m.base/nofp\libc-musl.a(tolower.o)
 .ARM.attributes
                0x00000a57       0x32 c:/program files/microchip/xc32/v4.39/bin/bin/../../lib/gcc/pic32c/8.3.1/../../../../pic32c/lib/thumb/v8-m.base/nofp\libc-musl.a(toupper.o)
 .ARM.attributes
                0x00000a89       0x32 c:/program files/microchip/xc32/v4.39/bin/bin/../../lib/gcc/pic32c/8.3.1/../../../../pic32c/lib/thumb/v8-m.base/nofp\libc-musl.a(__environ.o)
 .ARM.attributes
                0x00000abb       0x32 c:/program files/microchip/xc32/v4.39/bin/bin/../../lib/gcc/pic32c/8.3.1/../../../../pic32c/lib/thumb/v8-m.base/nofp\libc-musl.a(__errno_location.o)
 .ARM.attributes
                0x00000aed       0x32 c:/program files/microchip/xc32/v4.39/bin/bin/../../lib/gcc/pic32c/8.3.1/../../../../pic32c/lib/thumb/v8-m.base/nofp\libc-musl.a(__int_vfprintf.o)
 .ARM.attributes
                0x00000b1f       0x32 c:/program files/microchip/xc32/v4.39/bin/bin/../../lib/gcc/pic32c/8.3.1/../../../../pic32c/lib/thumb/v8-m.base/nofp\libc-musl.a(fputs.o)
 .ARM.attributes
                0x00000b51       0x32 c:/program files/microchip/xc32/v4.39/bin/bin/../../lib/gcc/pic32c/8.3.1/../../../../pic32c/lib/thumb/v8-m.base/nofp\libc-musl.a(__cvt_u.o)
 .ARM.attributes
                0x00000b83       0x32 c:/program files/microchip/xc32/v4.39/bin/bin/../../lib/gcc/pic32c/8.3.1/../../../../pic32c/lib/thumb/v8-m.base/nofp\libc-musl.a(__pop_float.o)
 .ARM.attributes
                0x00000bb5       0x32 c:/program files/microchip/xc32/v4.39/bin/bin/../../lib/gcc/pic32c/8.3.1/../../../../pic32c/lib/thumb/v8-m.base/nofp\libc-musl.a(__stdio_read.o)
 .ARM.attributes
                0x00000be7       0x32 c:/program files/microchip/xc32/v4.39/bin/bin/../../lib/gcc/pic32c/8.3.1/../../../../pic32c/lib/thumb/v8-m.base/nofp\libc-musl.a(__towrite_rw.o)
 .ARM.attributes
                0x00000c19       0x32 c:/program files/microchip/xc32/v4.39/bin/bin/../../lib/gcc/pic32c/8.3.1/../../../../pic32c/lib/thumb/v8-m.base/nofp\libc-musl.a(fwrite.o)
 .ARM.attributes
                0x00000c4b       0x32 c:/program files/microchip/xc32/v4.39/bin/bin/../../lib/gcc/pic32c/8.3.1/../../../../pic32c/lib/thumb/v8-m.base/nofp\libc-musl.a(putc.o)
 .ARM.attributes
                0x00000c7d       0x32 c:/program files/microchip/xc32/v4.39/bin/bin/../../lib/gcc/pic32c/8.3.1/../../../../pic32c/lib/thumb/v8-m.base/nofp\libc-musl.a(setvbuf.o)
 .ARM.attributes
                0x00000caf       0x32 c:/program files/microchip/xc32/v4.39/bin/bin/../../lib/gcc/pic32c/8.3.1/../../../../pic32c/lib/thumb/v8-m.base/nofp\libc-musl.a(readv.o)
 .ARM.attributes
                0x00000ce1       0x32 c:/program files/microchip/xc32/v4.39/bin/bin/../../lib/gcc/pic32c/8.3.1/../../../../pic32c/lib/thumb/v8-m.base/nofp\libc-musl.a(malloc.o)
 .ARM.attributes
                0x00000d13       0x32 c:/program files/microchip/xc32/v4.39/bin/bin/../../lib/gcc/pic32c/8.3.1/../../../../pic32c/lib/thumb/v8-m.base/nofp\libc-musl.a(expand_heap.o)
 .ARM.attributes
                0x00000d45       0x32 c:/program files/microchip/xc32/v4.39/bin/bin/../../lib/gcc/pic32c/8.3.1/../../../../pic32c/lib/thumb/v8-m.base/nofp\libc-musl.a(__init_stdio.o)
 .ARM.attributes
                0x00000d77       0x32 c:/program files/microchip/xc32/v4.39/bin/bin/../../lib/gcc/pic32c/8.3.1/../../../../pic32c/lib/thumb/v8-m.base/nofp\libc-musl.a(__out.o)
 .ARM.attributes
                0x00000da9       0x32 c:/program files/microchip/xc32/v4.39/bin/bin/../../lib/gcc/pic32c/8.3.1/../../../../pic32c/lib/thumb/v8-m.base/nofp\libc-musl.a(__putc.o)
 .ARM.attributes
                0x00000ddb       0x32 c:/program files/microchip/xc32/v4.39/bin/bin/../../lib/gcc/pic32c/8.3.1/../../../../pic32c/lib/thumb/v8-m.base/nofp\libc-musl.a(__stderr.o)
 .ARM.attributes
                0x00000e0d       0x32 c:/program files/microchip/xc32/v4.39/bin/bin/../../lib/gcc/pic32c/8.3.1/../../../../pic32c/lib/thumb/v8-m.base/nofp\libc-musl.a(__stdio_close.o)
 .ARM.attributes
                0x00000e3f       0x32 c:/program files/microchip/xc32/v4.39/bin/bin/../../lib/gcc/pic32c/8.3.1/../../../../pic32c/lib/thumb/v8-m.base/nofp\libc-musl.a(__stdio_write.o)
 .ARM.attributes
                0x00000e71       0x32 c:/program files/microchip/xc32/v4.39/bin/bin/../../lib/gcc/pic32c/8.3.1/../../../../pic32c/lib/thumb/v8-m.base/nofp\libc-musl.a(__stdout.o)
 .ARM.attributes
                0x00000ea3       0x32 c:/program files/microchip/xc32/v4.39/bin/bin/../../lib/gcc/pic32c/8.3.1/../../../../pic32c/lib/thumb/v8-m.base/nofp\libc-musl.a(__towrite.o)
 .ARM.attributes
                0x00000ed5       0x32 c:/program files/microchip/xc32/v4.39/bin/bin/../../lib/gcc/pic32c/8.3.1/../../../../pic32c/lib/thumb/v8-m.base/nofp\libc-musl.a(writev.o)
 .ARM.attributes
                0x00000f07       0x32 c:/program files/microchip/xc32/v4.39/bin/bin/../../lib/gcc/pic32c/8.3.1/../../../../pic32c/lib/thumb/v8-m.base/nofp\libc-musl.a(__overflow.o)
 .ARM.attributes
                0x00000f39       0x32 c:/program files/microchip/xc32/v4.39/bin/bin/../../lib/gcc/pic32c/8.3.1/../../../../pic32c/lib/thumb/v8-m.base/nofp\libc-musl.a(__fwrite.o)
 .ARM.attributes
                0x00000f6b       0x22 c:/program files/microchip/xc32/v4.39/bin/bin/../../lib/gcc/pic32c/8.3.1/thumb/v8-m.base/nofp\libgcc.a(_lshrdi3.o)
 .ARM.attributes
                0x00000f8d       0x22 c:/program files/microchip/xc32/v4.39/bin/bin/../../lib/gcc/pic32c/8.3.1/thumb/v8-m.base/nofp\libgcc.a(_ashldi3.o)
 .ARM.attributes
                0x00000faf       0x22 c:/program files/microchip/xc32/v4.39/bin/bin/../../lib/gcc/pic32c/8.3.1/thumb/v8-m.base/nofp\libgcc.a(_aeabi_uldivmod.o)
 .ARM.attributes
                0x00000fd1       0x30 c:/program files/microchip/xc32/v4.39/bin/bin/../../lib/gcc/pic32c/8.3.1/thumb/v8-m.base/nofp\libgcc.a(_muldi3.o)
 .ARM.attributes
                0x00001001       0x30 c:/program files/microchip/xc32/v4.39/bin/bin/../../lib/gcc/pic32c/8.3.1/thumb/v8-m.base/nofp\libgcc.a(_udivmoddi4.o)
 .ARM.attributes
                0x00001031       0x22 c:/program files/microchip/xc32/v4.39/bin/bin/../../lib/gcc/pic32c/8.3.1/thumb/v8-m.base/nofp\libgcc.a(_dvmd_tls.o)
 .ARM.attributes
                0x00001053       0x22 c:/program files/microchip/xc32/v4.39/bin/bin/../../lib/gcc/pic32c/8.3.1/thumb/v8-m.base/nofp\libgcc.a(_clzsi2.o)
 .ARM.attributes
                0x00001075       0x30 c:/program files/microchip/xc32/v4.39/bin/bin/../../lib/gcc/pic32c/8.3.1/../../../../pic32c/lib/thumb/v8-m.base/nofp\libpic32c.a(close.o)
 .ARM.attributes
                0x000010a5       0x30 c:/program files/microchip/xc32/v4.39/bin/bin/../../lib/gcc/pic32c/8.3.1/../../../../pic32c/lib/thumb/v8-m.base/nofp\libpic32c.a(lseek.o)
 .ARM.attributes
                0x000010d5       0x30 c:/program files/microchip/xc32/v4.39/bin/bin/../../lib/gcc/pic32c/8.3.1/../../../../pic32c/lib/thumb/v8-m.base/nofp\libpic32c.a(sbrk.o)
 .ARM.attributes
                0x00001105       0x22 c:/program files/microchip/xc32/v4.39/bin/bin/../../lib/gcc/pic32c/8.3.1/thumb/v8-m.base/nofp/crtn.o
 .ARM.attributes
                0x00001127       0x30 c:/program files/microchip/xc32/v4.39/bin/bin/../../lib/gcc/pic32c/8.3.1/../../../../pic32c/lib/thumb/v8-m.base/nofp\libpic32c.a(pic32_data_init_clear.o)
 .ARM.attributes
                0x00001157       0x30 c:/program files/microchip/xc32/v4.39/bin/bin/../../lib/gcc/pic32c/8.3.1/../../../../pic32c/lib/thumb/v8-m.base/nofp\libpic32c.a(pic32_data_init_copy_emb.o)
 .ARM.attributes
                0x00001187       0x30 c:/program files/microchip/xc32/v4.39/bin/bin/../../lib/gcc/pic32c/8.3.1/../../../../pic32c/lib/thumb/v8-m.base/nofp\libpic32c.a(pic32_data_init_copy.o)

.comment        0x00000000       0x68
 .comment       0x00000000       0x3d c:/program files/microchip/xc32/v4.39/bin/bin/../../lib/gcc/pic32c/8.3.1/thumb/v8-m.base/nofp/crtbegin.o
                                 0x3e (size before relaxing)
 .comment       0x0000003d       0x3e build/pic32cm_gc_curiosity_pro/production/_ext/471585352/RcServo.o
 .comment       0x0000003d       0x3e build/pic32cm_gc_curiosity_pro/production/_ext/853750373/bsp.o
 .comment       0x0000003d       0x3e build/pic32cm_gc_curiosity_pro/production/_ext/1448873790/drv_spi.o
 .comment       0x0000003d       0x3e build/pic32cm_gc_curiosity_pro/production/_ext/1523867863/drv_usart.o
 .comment       0x0000003d       0x3e build/pic32cm_gc_curiosity_pro/production/_ext/714998607/plib_adc.o
 .comment       0x0000003d       0x3e build/pic32cm_gc_curiosity_pro/production/_ext/83206111/plib_clock.o
 .comment       0x0000003d       0x3e build/pic32cm_gc_curiosity_pro/production/_ext/690022278/plib_dmac.o
 .comment       0x0000003d       0x3e build/pic32cm_gc_curiosity_pro/production/_ext/714994608/plib_eic.o
 .comment       0x0000003d       0x3e build/pic32cm_gc_curiosity_pro/production/_ext/85355597/plib_evsys.o
 .comment       0x0000003d       0x3e build/pic32cm_gc_curiosity_pro/production/_ext/689715471/plib_nvic.o
 .comment       0x0000003d       0x3e build/pic32cm_gc_curiosity_pro/production/_ext/392577996/plib_pm.o
 .comment       0x0000003d       0x3e build/pic32cm_gc_curiosity_pro/production/_ext/689662320/plib_port.o
 .comment       0x0000003d       0x3e build/pic32cm_gc_curiosity_pro/production/_ext/1527759270/plib_sercom1_i2c_master.o
 .comment       0x0000003d       0x3e build/pic32cm_gc_curiosity_pro/production/_ext/1036524628/plib_sercom2_spi_master.o
 .comment       0x0000003d       0x3e build/pic32cm_gc_curiosity_pro/production/_ext/2020896858/plib_sercom3_usart.o
 .comment       0x0000003d       0x3e build/pic32cm_gc_curiosity_pro/production/_ext/2020896858/plib_sercom4_usart.o
 .comment       0x0000003d       0x3e build/pic32cm_gc_curiosity_pro/production/_ext/714980379/plib_tcc0.o
 .comment       0x0000003d       0x3e build/pic32cm_gc_curiosity_pro/production/_ext/714980379/plib_tcc1.o
 .comment       0x0000003d       0x3e build/pic32cm_gc_curiosity_pro/production/_ext/714980379/plib_tcc3.o
 .comment       0x0000003d       0x3e build/pic32cm_gc_curiosity_pro/production/_ext/99633435/xc32_monitor.o
 .comment       0x0000003d       0x3e build/pic32cm_gc_curiosity_pro/production/_ext/1183487548/sys_dma.o
 .comment       0x0000003d       0x3e build/pic32cm_gc_curiosity_pro/production/_ext/1106506504/sys_int.o
 .comment       0x0000003d       0x3e build/pic32cm_gc_curiosity_pro/production/_ext/1291214997/initialization.o
 .comment       0x0000003d       0x3e build/pic32cm_gc_curiosity_pro/production/_ext/1291214997/exceptions.o
 .comment       0x0000003d       0x3e build/pic32cm_gc_curiosity_pro/production/_ext/1291214997/interrupts.o
 .comment       0x0000003d       0x3e build/pic32cm_gc_curiosity_pro/production/_ext/1291214997/startup_xc32.o
 .comment       0x0000003d       0x3e build/pic32cm_gc_curiosity_pro/production/_ext/603174789/pwm_driver.o
 .comment       0x0000003d       0x3e build/pic32cm_gc_curiosity_pro/production/_ext/193257301/spi_async_driver.o
 .comment       0x0000003d       0x3e build/pic32cm_gc_curiosity_pro/production/_ext/1360937237/platform_setup.o
 .comment       0x0000003d       0x3e build/pic32cm_gc_curiosity_pro/production/_ext/1360937237/pthread_create_example.o
 .comment       0x0000003d       0x3e build/pic32cm_gc_curiosity_pro/production/_ext/714996767/plib_can0.o
 .comment       0x0000003d       0x3e build/pic32cm_gc_curiosity_pro/production/_ext/508636337/can_driver.o
 .comment       0x0000003d       0x2b ../../../px5_rtos/px5.o
                                 0x2c (size before relaxing)
 .comment       0x00000068       0x3e c:/program files/microchip/xc32/v4.39/bin/bin/../../lib/gcc/pic32c/8.3.1/../../../../pic32c/lib/thumb/v8-m.base/nofp\libpic32c.a(data_init.o)
 .comment       0x00000068       0x3e c:/program files/microchip/xc32/v4.39/bin/bin/../../lib/gcc/pic32c/8.3.1/../../../../pic32c/lib/thumb/v8-m.base/nofp\libc-musl.a(__libc_start_main.o)
 .comment       0x00000068       0x3e c:/program files/microchip/xc32/v4.39/bin/bin/../../lib/gcc/pic32c/8.3.1/../../../../pic32c/lib/thumb/v8-m.base/nofp\libc-musl.a(libc.o)
 .comment       0x00000068       0x3e c:/program files/microchip/xc32/v4.39/bin/bin/../../lib/gcc/pic32c/8.3.1/../../../../pic32c/lib/thumb/v8-m.base/nofp\libc-musl.a(__sio_printf_cdnpsxX.o)
 .comment       0x00000068       0x3e c:/program files/microchip/xc32/v4.39/bin/bin/../../lib/gcc/pic32c/8.3.1/../../../../pic32c/lib/thumb/v8-m.base/nofp\libc-musl.a(__fmt_d.o)
 .comment       0x00000068       0x3e c:/program files/microchip/xc32/v4.39/bin/bin/../../lib/gcc/pic32c/8.3.1/../../../../pic32c/lib/thumb/v8-m.base/nofp\libc-musl.a(__fmt_s.o)
 .comment       0x00000068       0x3e c:/program files/microchip/xc32/v4.39/bin/bin/../../lib/gcc/pic32c/8.3.1/../../../../pic32c/lib/thumb/v8-m.base/nofp\libc-musl.a(__fmt_x.o)
 .comment       0x00000068       0x3e c:/program files/microchip/xc32/v4.39/bin/bin/../../lib/gcc/pic32c/8.3.1/../../../../pic32c/lib/thumb/v8-m.base/nofp\libc-musl.a(__pop_int.o)
 .comment       0x00000068       0x3e c:/program files/microchip/xc32/v4.39/bin/bin/../../lib/gcc/pic32c/8.3.1/../../../../pic32c/lib/thumb/v8-m.base/nofp\libc-musl.a(__pop_ptr.o)
 .comment       0x00000068       0x3e c:/program files/microchip/xc32/v4.39/bin/bin/../../lib/gcc/pic32c/8.3.1/../../../../pic32c/lib/thumb/v8-m.base/nofp\libc-musl.a(__printf_core.o)
 .comment       0x00000068       0x3e c:/program files/microchip/xc32/v4.39/bin/bin/../../lib/gcc/pic32c/8.3.1/../../../../pic32c/lib/thumb/v8-m.base/nofp\libc-musl.a(stdin.o)
 .comment       0x00000068       0x3e c:/program files/microchip/xc32/v4.39/bin/bin/../../lib/gcc/pic32c/8.3.1/../../../../pic32c/lib/thumb/v8-m.base/nofp\libc-musl.a(stdout.o)
 .comment       0x00000068       0x3e c:/program files/microchip/xc32/v4.39/bin/bin/../../lib/gcc/pic32c/8.3.1/../../../../pic32c/lib/thumb/v8-m.base/nofp\libc-musl.a(puts.o)
 .comment       0x00000068       0x3e c:/program files/microchip/xc32/v4.39/bin/bin/../../lib/gcc/pic32c/8.3.1/../../../../pic32c/lib/thumb/v8-m.base/nofp\libc-musl.a(setbuf.o)
 .comment       0x00000068       0x3e c:/program files/microchip/xc32/v4.39/bin/bin/../../lib/gcc/pic32c/8.3.1/../../../../pic32c/lib/thumb/v8-m.base/nofp\libc-musl.a(atoi.o)
 .comment       0x00000068       0x3e c:/program files/microchip/xc32/v4.39/bin/bin/../../lib/gcc/pic32c/8.3.1/../../../../pic32c/lib/thumb/v8-m.base/nofp\libc-musl.a(memcpy.o)
 .comment       0x00000068       0x3e c:/program files/microchip/xc32/v4.39/bin/bin/../../lib/gcc/pic32c/8.3.1/../../../../pic32c/lib/thumb/v8-m.base/nofp\libc-musl.a(memset.o)
 .comment       0x00000068       0x3e c:/program files/microchip/xc32/v4.39/bin/bin/../../lib/gcc/pic32c/8.3.1/../../../../pic32c/lib/thumb/v8-m.base/nofp\libc-musl.a(strlen.o)
 .comment       0x00000068       0x3e c:/program files/microchip/xc32/v4.39/bin/bin/../../lib/gcc/pic32c/8.3.1/../../../../pic32c/lib/thumb/v8-m.base/nofp\libc-musl.a(tolower.o)
 .comment       0x00000068       0x3e c:/program files/microchip/xc32/v4.39/bin/bin/../../lib/gcc/pic32c/8.3.1/../../../../pic32c/lib/thumb/v8-m.base/nofp\libc-musl.a(toupper.o)
 .comment       0x00000068       0x3e c:/program files/microchip/xc32/v4.39/bin/bin/../../lib/gcc/pic32c/8.3.1/../../../../pic32c/lib/thumb/v8-m.base/nofp\libc-musl.a(__environ.o)
 .comment       0x00000068       0x3e c:/program files/microchip/xc32/v4.39/bin/bin/../../lib/gcc/pic32c/8.3.1/../../../../pic32c/lib/thumb/v8-m.base/nofp\libc-musl.a(__errno_location.o)
 .comment       0x00000068       0x3e c:/program files/microchip/xc32/v4.39/bin/bin/../../lib/gcc/pic32c/8.3.1/../../../../pic32c/lib/thumb/v8-m.base/nofp\libc-musl.a(__int_vfprintf.o)
 .comment       0x00000068       0x3e c:/program files/microchip/xc32/v4.39/bin/bin/../../lib/gcc/pic32c/8.3.1/../../../../pic32c/lib/thumb/v8-m.base/nofp\libc-musl.a(fputs.o)
 .comment       0x00000068       0x3e c:/program files/microchip/xc32/v4.39/bin/bin/../../lib/gcc/pic32c/8.3.1/../../../../pic32c/lib/thumb/v8-m.base/nofp\libc-musl.a(__cvt_u.o)
 .comment       0x00000068       0x3e c:/program files/microchip/xc32/v4.39/bin/bin/../../lib/gcc/pic32c/8.3.1/../../../../pic32c/lib/thumb/v8-m.base/nofp\libc-musl.a(__pop_float.o)
 .comment       0x00000068       0x3e c:/program files/microchip/xc32/v4.39/bin/bin/../../lib/gcc/pic32c/8.3.1/../../../../pic32c/lib/thumb/v8-m.base/nofp\libc-musl.a(__stdio_read.o)
 .comment       0x00000068       0x3e c:/program files/microchip/xc32/v4.39/bin/bin/../../lib/gcc/pic32c/8.3.1/../../../../pic32c/lib/thumb/v8-m.base/nofp\libc-musl.a(__towrite_rw.o)
 .comment       0x00000068       0x3e c:/program files/microchip/xc32/v4.39/bin/bin/../../lib/gcc/pic32c/8.3.1/../../../../pic32c/lib/thumb/v8-m.base/nofp\libc-musl.a(fwrite.o)
 .comment       0x00000068       0x3e c:/program files/microchip/xc32/v4.39/bin/bin/../../lib/gcc/pic32c/8.3.1/../../../../pic32c/lib/thumb/v8-m.base/nofp\libc-musl.a(putc.o)
 .comment       0x00000068       0x3e c:/program files/microchip/xc32/v4.39/bin/bin/../../lib/gcc/pic32c/8.3.1/../../../../pic32c/lib/thumb/v8-m.base/nofp\libc-musl.a(setvbuf.o)
 .comment       0x00000068       0x3e c:/program files/microchip/xc32/v4.39/bin/bin/../../lib/gcc/pic32c/8.3.1/../../../../pic32c/lib/thumb/v8-m.base/nofp\libc-musl.a(readv.o)
 .comment       0x00000068       0x3e c:/program files/microchip/xc32/v4.39/bin/bin/../../lib/gcc/pic32c/8.3.1/../../../../pic32c/lib/thumb/v8-m.base/nofp\libc-musl.a(malloc.o)
 .comment       0x00000068       0x3e c:/program files/microchip/xc32/v4.39/bin/bin/../../lib/gcc/pic32c/8.3.1/../../../../pic32c/lib/thumb/v8-m.base/nofp\libc-musl.a(expand_heap.o)
 .comment       0x00000068       0x3e c:/program files/microchip/xc32/v4.39/bin/bin/../../lib/gcc/pic32c/8.3.1/../../../../pic32c/lib/thumb/v8-m.base/nofp\libc-musl.a(__init_stdio.o)
 .comment       0x00000068       0x3e c:/program files/microchip/xc32/v4.39/bin/bin/../../lib/gcc/pic32c/8.3.1/../../../../pic32c/lib/thumb/v8-m.base/nofp\libc-musl.a(__out.o)
 .comment       0x00000068       0x3e c:/program files/microchip/xc32/v4.39/bin/bin/../../lib/gcc/pic32c/8.3.1/../../../../pic32c/lib/thumb/v8-m.base/nofp\libc-musl.a(__putc.o)
 .comment       0x00000068       0x3e c:/program files/microchip/xc32/v4.39/bin/bin/../../lib/gcc/pic32c/8.3.1/../../../../pic32c/lib/thumb/v8-m.base/nofp\libc-musl.a(__stderr.o)
 .comment       0x00000068       0x3e c:/program files/microchip/xc32/v4.39/bin/bin/../../lib/gcc/pic32c/8.3.1/../../../../pic32c/lib/thumb/v8-m.base/nofp\libc-musl.a(__stdio_close.o)
 .comment       0x00000068       0x3e c:/program files/microchip/xc32/v4.39/bin/bin/../../lib/gcc/pic32c/8.3.1/../../../../pic32c/lib/thumb/v8-m.base/nofp\libc-musl.a(__stdio_write.o)
 .comment       0x00000068       0x3e c:/program files/microchip/xc32/v4.39/bin/bin/../../lib/gcc/pic32c/8.3.1/../../../../pic32c/lib/thumb/v8-m.base/nofp\libc-musl.a(__stdout.o)
 .comment       0x00000068       0x3e c:/program files/microchip/xc32/v4.39/bin/bin/../../lib/gcc/pic32c/8.3.1/../../../../pic32c/lib/thumb/v8-m.base/nofp\libc-musl.a(__towrite.o)
 .comment       0x00000068       0x3e c:/program files/microchip/xc32/v4.39/bin/bin/../../lib/gcc/pic32c/8.3.1/../../../../pic32c/lib/thumb/v8-m.base/nofp\libc-musl.a(writev.o)
 .comment       0x00000068       0x3e c:/program files/microchip/xc32/v4.39/bin/bin/../../lib/gcc/pic32c/8.3.1/../../../../pic32c/lib/thumb/v8-m.base/nofp\libc-musl.a(__overflow.o)
 .comment       0x00000068       0x3e c:/program files/microchip/xc32/v4.39/bin/bin/../../lib/gcc/pic32c/8.3.1/../../../../pic32c/lib/thumb/v8-m.base/nofp\libc-musl.a(__fwrite.o)
 .comment       0x00000068       0x3e c:/program files/microchip/xc32/v4.39/bin/bin/../../lib/gcc/pic32c/8.3.1/thumb/v8-m.base/nofp\libgcc.a(_muldi3.o)
 .comment       0x00000068       0x3e c:/program files/microchip/xc32/v4.39/bin/bin/../../lib/gcc/pic32c/8.3.1/thumb/v8-m.base/nofp\libgcc.a(_udivmoddi4.o)
 .comment       0x00000068       0x3e c:/program files/microchip/xc32/v4.39/bin/bin/../../lib/gcc/pic32c/8.3.1/../../../../pic32c/lib/thumb/v8-m.base/nofp\libpic32c.a(close.o)
 .comment       0x00000068       0x3e c:/program files/microchip/xc32/v4.39/bin/bin/../../lib/gcc/pic32c/8.3.1/../../../../pic32c/lib/thumb/v8-m.base/nofp\libpic32c.a(lseek.o)
 .comment       0x00000068       0x3e c:/program files/microchip/xc32/v4.39/bin/bin/../../lib/gcc/pic32c/8.3.1/../../../../pic32c/lib/thumb/v8-m.base/nofp\libpic32c.a(sbrk.o)
 .comment       0x00000068       0x3e c:/program files/microchip/xc32/v4.39/bin/bin/../../lib/gcc/pic32c/8.3.1/../../../../pic32c/lib/thumb/v8-m.base/nofp\libpic32c.a(pic32_data_init_clear.o)
 .comment       0x00000068       0x3e c:/program files/microchip/xc32/v4.39/bin/bin/../../lib/gcc/pic32c/8.3.1/../../../../pic32c/lib/thumb/v8-m.base/nofp\libpic32c.a(pic32_data_init_copy_emb.o)
 .comment       0x00000068       0x3e c:/program files/microchip/xc32/v4.39/bin/bin/../../lib/gcc/pic32c/8.3.1/../../../../pic32c/lib/thumb/v8-m.base/nofp\libpic32c.a(pic32_data_init_copy.o)

.debug_info     0x00000000    0x37d94
 .debug_info    0x00000000      0xd28 build/pic32cm_gc_curiosity_pro/production/_ext/471585352/RcServo.o
 .debug_info    0x00000d28      0x5b6 build/pic32cm_gc_curiosity_pro/production/_ext/853750373/bsp.o
 .debug_info    0x000012de     0x4d10 build/pic32cm_gc_curiosity_pro/production/_ext/1448873790/drv_spi.o
 .debug_info    0x00005fee     0x435f build/pic32cm_gc_curiosity_pro/production/_ext/1523867863/drv_usart.o
 .debug_info    0x0000a34d      0xf58 build/pic32cm_gc_curiosity_pro/production/_ext/714998607/plib_adc.o
 .debug_info    0x0000b2a5      0xb7a build/pic32cm_gc_curiosity_pro/production/_ext/83206111/plib_clock.o
 .debug_info    0x0000be1f     0x1420 build/pic32cm_gc_curiosity_pro/production/_ext/690022278/plib_dmac.o
 .debug_info    0x0000d23f      0x86c build/pic32cm_gc_curiosity_pro/production/_ext/714994608/plib_eic.o
 .debug_info    0x0000daab      0x30b build/pic32cm_gc_curiosity_pro/production/_ext/85355597/plib_evsys.o
 .debug_info    0x0000ddb6     0x1e3b build/pic32cm_gc_curiosity_pro/production/_ext/689715471/plib_nvic.o
 .debug_info    0x0000fbf1      0x53f build/pic32cm_gc_curiosity_pro/production/_ext/392577996/plib_pm.o
 .debug_info    0x00010130      0xf91 build/pic32cm_gc_curiosity_pro/production/_ext/689662320/plib_port.o
 .debug_info    0x000110c1     0x17bd build/pic32cm_gc_curiosity_pro/production/_ext/1527759270/plib_sercom1_i2c_master.o
 .debug_info    0x0001287e     0x12ed build/pic32cm_gc_curiosity_pro/production/_ext/1036524628/plib_sercom2_spi_master.o
 .debug_info    0x00013b6b     0x174b build/pic32cm_gc_curiosity_pro/production/_ext/2020896858/plib_sercom3_usart.o
 .debug_info    0x000152b6     0x1351 build/pic32cm_gc_curiosity_pro/production/_ext/2020896858/plib_sercom4_usart.o
 .debug_info    0x00016607      0x85f build/pic32cm_gc_curiosity_pro/production/_ext/714980379/plib_tcc0.o
 .debug_info    0x00016e66      0x85f build/pic32cm_gc_curiosity_pro/production/_ext/714980379/plib_tcc1.o
 .debug_info    0x000176c5      0x85f build/pic32cm_gc_curiosity_pro/production/_ext/714980379/plib_tcc3.o
 .debug_info    0x00017f24      0x45a build/pic32cm_gc_curiosity_pro/production/_ext/99633435/xc32_monitor.o
 .debug_info    0x0001837e      0x7b6 build/pic32cm_gc_curiosity_pro/production/_ext/1183487548/sys_dma.o
 .debug_info    0x00018b34     0x11a6 build/pic32cm_gc_curiosity_pro/production/_ext/1106506504/sys_int.o
 .debug_info    0x00019cda     0x3c8d build/pic32cm_gc_curiosity_pro/production/_ext/1291214997/initialization.o
 .debug_info    0x0001d967      0x340 build/pic32cm_gc_curiosity_pro/production/_ext/1291214997/exceptions.o
 .debug_info    0x0001dca7     0x180e build/pic32cm_gc_curiosity_pro/production/_ext/1291214997/interrupts.o
 .debug_info    0x0001f4b5      0x558 build/pic32cm_gc_curiosity_pro/production/_ext/1291214997/startup_xc32.o
 .debug_info    0x0001fa0d      0x88a build/pic32cm_gc_curiosity_pro/production/_ext/603174789/pwm_driver.o
 .debug_info    0x00020297     0x234b build/pic32cm_gc_curiosity_pro/production/_ext/193257301/spi_async_driver.o
 .debug_info    0x000225e2      0x656 build/pic32cm_gc_curiosity_pro/production/_ext/1360937237/platform_setup.o
 .debug_info    0x00022c38     0x1557 build/pic32cm_gc_curiosity_pro/production/_ext/1360937237/pthread_create_example.o
 .debug_info    0x0002418f     0x2407 build/pic32cm_gc_curiosity_pro/production/_ext/714996767/plib_can0.o
 .debug_info    0x00026596     0x114e build/pic32cm_gc_curiosity_pro/production/_ext/508636337/can_driver.o
 .debug_info    0x000276e4      0x2c6 c:/program files/microchip/xc32/v4.39/bin/bin/../../lib/gcc/pic32c/8.3.1/../../../../pic32c/lib/thumb/v8-m.base/nofp\libpic32c.a(data_init.o)
 .debug_info    0x000279aa      0x623 c:/program files/microchip/xc32/v4.39/bin/bin/../../lib/gcc/pic32c/8.3.1/../../../../pic32c/lib/thumb/v8-m.base/nofp\libc-musl.a(__libc_start_main.o)
 .debug_info    0x00027fcd      0x535 c:/program files/microchip/xc32/v4.39/bin/bin/../../lib/gcc/pic32c/8.3.1/../../../../pic32c/lib/thumb/v8-m.base/nofp\libc-musl.a(libc.o)
 .debug_info    0x00028502      0x471 c:/program files/microchip/xc32/v4.39/bin/bin/../../lib/gcc/pic32c/8.3.1/../../../../pic32c/lib/thumb/v8-m.base/nofp\libc-musl.a(__sio_printf_cdnpsxX.o)
 .debug_info    0x00028973      0x5c2 c:/program files/microchip/xc32/v4.39/bin/bin/../../lib/gcc/pic32c/8.3.1/../../../../pic32c/lib/thumb/v8-m.base/nofp\libc-musl.a(__fmt_d.o)
 .debug_info    0x00028f35      0x57e c:/program files/microchip/xc32/v4.39/bin/bin/../../lib/gcc/pic32c/8.3.1/../../../../pic32c/lib/thumb/v8-m.base/nofp\libc-musl.a(__fmt_s.o)
 .debug_info    0x000294b3      0x5c7 c:/program files/microchip/xc32/v4.39/bin/bin/../../lib/gcc/pic32c/8.3.1/../../../../pic32c/lib/thumb/v8-m.base/nofp\libc-musl.a(__fmt_x.o)
 .debug_info    0x00029a7a      0x401 c:/program files/microchip/xc32/v4.39/bin/bin/../../lib/gcc/pic32c/8.3.1/../../../../pic32c/lib/thumb/v8-m.base/nofp\libc-musl.a(__pop_int.o)
 .debug_info    0x00029e7b      0x40d c:/program files/microchip/xc32/v4.39/bin/bin/../../lib/gcc/pic32c/8.3.1/../../../../pic32c/lib/thumb/v8-m.base/nofp\libc-musl.a(__pop_ptr.o)
 .debug_info    0x0002a288      0xd80 c:/program files/microchip/xc32/v4.39/bin/bin/../../lib/gcc/pic32c/8.3.1/../../../../pic32c/lib/thumb/v8-m.base/nofp\libc-musl.a(__printf_core.o)
 .debug_info    0x0002b008      0x6c0 c:/program files/microchip/xc32/v4.39/bin/bin/../../lib/gcc/pic32c/8.3.1/../../../../pic32c/lib/thumb/v8-m.base/nofp\libc-musl.a(stdin.o)
 .debug_info    0x0002b6c8      0x483 c:/program files/microchip/xc32/v4.39/bin/bin/../../lib/gcc/pic32c/8.3.1/../../../../pic32c/lib/thumb/v8-m.base/nofp\libc-musl.a(stdout.o)
 .debug_info    0x0002bb4b      0x647 c:/program files/microchip/xc32/v4.39/bin/bin/../../lib/gcc/pic32c/8.3.1/../../../../pic32c/lib/thumb/v8-m.base/nofp\libc-musl.a(puts.o)
 .debug_info    0x0002c192      0x2ee c:/program files/microchip/xc32/v4.39/bin/bin/../../lib/gcc/pic32c/8.3.1/../../../../pic32c/lib/thumb/v8-m.base/nofp\libc-musl.a(setbuf.o)
 .debug_info    0x0002c480      0x2fb c:/program files/microchip/xc32/v4.39/bin/bin/../../lib/gcc/pic32c/8.3.1/../../../../pic32c/lib/thumb/v8-m.base/nofp\libc-musl.a(atoi.o)
 .debug_info    0x0002c77b      0x2f5 c:/program files/microchip/xc32/v4.39/bin/bin/../../lib/gcc/pic32c/8.3.1/../../../../pic32c/lib/thumb/v8-m.base/nofp\libc-musl.a(memcpy.o)
 .debug_info    0x0002ca70      0x2bf c:/program files/microchip/xc32/v4.39/bin/bin/../../lib/gcc/pic32c/8.3.1/../../../../pic32c/lib/thumb/v8-m.base/nofp\libc-musl.a(memset.o)
 .debug_info    0x0002cd2f      0x2aa c:/program files/microchip/xc32/v4.39/bin/bin/../../lib/gcc/pic32c/8.3.1/../../../../pic32c/lib/thumb/v8-m.base/nofp\libc-musl.a(strlen.o)
 .debug_info    0x0002cfd9      0x359 c:/program files/microchip/xc32/v4.39/bin/bin/../../lib/gcc/pic32c/8.3.1/../../../../pic32c/lib/thumb/v8-m.base/nofp\libc-musl.a(tolower.o)
 .debug_info    0x0002d332      0x359 c:/program files/microchip/xc32/v4.39/bin/bin/../../lib/gcc/pic32c/8.3.1/../../../../pic32c/lib/thumb/v8-m.base/nofp\libc-musl.a(toupper.o)
 .debug_info    0x0002d68b      0x2af c:/program files/microchip/xc32/v4.39/bin/bin/../../lib/gcc/pic32c/8.3.1/../../../../pic32c/lib/thumb/v8-m.base/nofp\libc-musl.a(__environ.o)
 .debug_info    0x0002d93a      0x273 c:/program files/microchip/xc32/v4.39/bin/bin/../../lib/gcc/pic32c/8.3.1/../../../../pic32c/lib/thumb/v8-m.base/nofp\libc-musl.a(__errno_location.o)
 .debug_info    0x0002dbad      0x481 c:/program files/microchip/xc32/v4.39/bin/bin/../../lib/gcc/pic32c/8.3.1/../../../../pic32c/lib/thumb/v8-m.base/nofp\libc-musl.a(__int_vfprintf.o)
 .debug_info    0x0002e02e      0x657 c:/program files/microchip/xc32/v4.39/bin/bin/../../lib/gcc/pic32c/8.3.1/../../../../pic32c/lib/thumb/v8-m.base/nofp\libc-musl.a(fputs.o)
 .debug_info    0x0002e685      0x439 c:/program files/microchip/xc32/v4.39/bin/bin/../../lib/gcc/pic32c/8.3.1/../../../../pic32c/lib/thumb/v8-m.base/nofp\libc-musl.a(__cvt_u.o)
 .debug_info    0x0002eabe      0x3dd c:/program files/microchip/xc32/v4.39/bin/bin/../../lib/gcc/pic32c/8.3.1/../../../../pic32c/lib/thumb/v8-m.base/nofp\libc-musl.a(__pop_float.o)
 .debug_info    0x0002ee9b      0x6aa c:/program files/microchip/xc32/v4.39/bin/bin/../../lib/gcc/pic32c/8.3.1/../../../../pic32c/lib/thumb/v8-m.base/nofp\libc-musl.a(__stdio_read.o)
 .debug_info    0x0002f545      0x5d9 c:/program files/microchip/xc32/v4.39/bin/bin/../../lib/gcc/pic32c/8.3.1/../../../../pic32c/lib/thumb/v8-m.base/nofp\libc-musl.a(__towrite_rw.o)
 .debug_info    0x0002fb1e      0x4d3 c:/program files/microchip/xc32/v4.39/bin/bin/../../lib/gcc/pic32c/8.3.1/../../../../pic32c/lib/thumb/v8-m.base/nofp\libc-musl.a(fwrite.o)
 .debug_info    0x0002fff1      0x4a7 c:/program files/microchip/xc32/v4.39/bin/bin/../../lib/gcc/pic32c/8.3.1/../../../../pic32c/lib/thumb/v8-m.base/nofp\libc-musl.a(putc.o)
 .debug_info    0x00030498      0x54d c:/program files/microchip/xc32/v4.39/bin/bin/../../lib/gcc/pic32c/8.3.1/../../../../pic32c/lib/thumb/v8-m.base/nofp\libc-musl.a(setvbuf.o)
 .debug_info    0x000309e5      0x366 c:/program files/microchip/xc32/v4.39/bin/bin/../../lib/gcc/pic32c/8.3.1/../../../../pic32c/lib/thumb/v8-m.base/nofp\libc-musl.a(readv.o)
 .debug_info    0x00030d4b     0x13a1 c:/program files/microchip/xc32/v4.39/bin/bin/../../lib/gcc/pic32c/8.3.1/../../../../pic32c/lib/thumb/v8-m.base/nofp\libc-musl.a(malloc.o)
 .debug_info    0x000320ec      0x37c c:/program files/microchip/xc32/v4.39/bin/bin/../../lib/gcc/pic32c/8.3.1/../../../../pic32c/lib/thumb/v8-m.base/nofp\libc-musl.a(expand_heap.o)
 .debug_info    0x00032468      0x32c c:/program files/microchip/xc32/v4.39/bin/bin/../../lib/gcc/pic32c/8.3.1/../../../../pic32c/lib/thumb/v8-m.base/nofp\libc-musl.a(__init_stdio.o)
 .debug_info    0x00032794      0x540 c:/program files/microchip/xc32/v4.39/bin/bin/../../lib/gcc/pic32c/8.3.1/../../../../pic32c/lib/thumb/v8-m.base/nofp\libc-musl.a(__out.o)
 .debug_info    0x00032cd4      0x503 c:/program files/microchip/xc32/v4.39/bin/bin/../../lib/gcc/pic32c/8.3.1/../../../../pic32c/lib/thumb/v8-m.base/nofp\libc-musl.a(__putc.o)
 .debug_info    0x000331d7      0x664 c:/program files/microchip/xc32/v4.39/bin/bin/../../lib/gcc/pic32c/8.3.1/../../../../pic32c/lib/thumb/v8-m.base/nofp\libc-musl.a(__stderr.o)
 .debug_info    0x0003383b      0x6c2 c:/program files/microchip/xc32/v4.39/bin/bin/../../lib/gcc/pic32c/8.3.1/../../../../pic32c/lib/thumb/v8-m.base/nofp\libc-musl.a(__stdio_close.o)
 .debug_info    0x00033efd      0x6f7 c:/program files/microchip/xc32/v4.39/bin/bin/../../lib/gcc/pic32c/8.3.1/../../../../pic32c/lib/thumb/v8-m.base/nofp\libc-musl.a(__stdio_write.o)
 .debug_info    0x000345f4      0x664 c:/program files/microchip/xc32/v4.39/bin/bin/../../lib/gcc/pic32c/8.3.1/../../../../pic32c/lib/thumb/v8-m.base/nofp\libc-musl.a(__stdout.o)
 .debug_info    0x00034c58      0x4f5 c:/program files/microchip/xc32/v4.39/bin/bin/../../lib/gcc/pic32c/8.3.1/../../../../pic32c/lib/thumb/v8-m.base/nofp\libc-musl.a(__towrite.o)
 .debug_info    0x0003514d      0x36a c:/program files/microchip/xc32/v4.39/bin/bin/../../lib/gcc/pic32c/8.3.1/../../../../pic32c/lib/thumb/v8-m.base/nofp\libc-musl.a(writev.o)
 .debug_info    0x000354b7      0x627 c:/program files/microchip/xc32/v4.39/bin/bin/../../lib/gcc/pic32c/8.3.1/../../../../pic32c/lib/thumb/v8-m.base/nofp\libc-musl.a(__overflow.o)
 .debug_info    0x00035ade      0x544 c:/program files/microchip/xc32/v4.39/bin/bin/../../lib/gcc/pic32c/8.3.1/../../../../pic32c/lib/thumb/v8-m.base/nofp\libc-musl.a(__fwrite.o)
 .debug_info    0x00036022       0x26 c:/program files/microchip/xc32/v4.39/bin/bin/../../lib/gcc/pic32c/8.3.1/thumb/v8-m.base/nofp\libgcc.a(_lshrdi3.o)
 .debug_info    0x00036048       0x26 c:/program files/microchip/xc32/v4.39/bin/bin/../../lib/gcc/pic32c/8.3.1/thumb/v8-m.base/nofp\libgcc.a(_ashldi3.o)
 .debug_info    0x0003606e       0x26 c:/program files/microchip/xc32/v4.39/bin/bin/../../lib/gcc/pic32c/8.3.1/thumb/v8-m.base/nofp\libgcc.a(_aeabi_uldivmod.o)
 .debug_info    0x00036094      0x49f c:/program files/microchip/xc32/v4.39/bin/bin/../../lib/gcc/pic32c/8.3.1/thumb/v8-m.base/nofp\libgcc.a(_muldi3.o)
 .debug_info    0x00036533      0x89e c:/program files/microchip/xc32/v4.39/bin/bin/../../lib/gcc/pic32c/8.3.1/thumb/v8-m.base/nofp\libgcc.a(_udivmoddi4.o)
 .debug_info    0x00036dd1       0x26 c:/program files/microchip/xc32/v4.39/bin/bin/../../lib/gcc/pic32c/8.3.1/thumb/v8-m.base/nofp\libgcc.a(_dvmd_tls.o)
 .debug_info    0x00036df7       0x26 c:/program files/microchip/xc32/v4.39/bin/bin/../../lib/gcc/pic32c/8.3.1/thumb/v8-m.base/nofp\libgcc.a(_clzsi2.o)
 .debug_info    0x00036e1d      0x287 c:/program files/microchip/xc32/v4.39/bin/bin/../../lib/gcc/pic32c/8.3.1/../../../../pic32c/lib/thumb/v8-m.base/nofp\libpic32c.a(close.o)
 .debug_info    0x000370a4      0x287 c:/program files/microchip/xc32/v4.39/bin/bin/../../lib/gcc/pic32c/8.3.1/../../../../pic32c/lib/thumb/v8-m.base/nofp\libpic32c.a(lseek.o)
 .debug_info    0x0003732b      0x286 c:/program files/microchip/xc32/v4.39/bin/bin/../../lib/gcc/pic32c/8.3.1/../../../../pic32c/lib/thumb/v8-m.base/nofp\libpic32c.a(sbrk.o)
 .debug_info    0x000375b1      0x29f c:/program files/microchip/xc32/v4.39/bin/bin/../../lib/gcc/pic32c/8.3.1/../../../../pic32c/lib/thumb/v8-m.base/nofp\libpic32c.a(pic32_data_init_clear.o)
 .debug_info    0x00037850      0x2a6 c:/program files/microchip/xc32/v4.39/bin/bin/../../lib/gcc/pic32c/8.3.1/../../../../pic32c/lib/thumb/v8-m.base/nofp\libpic32c.a(pic32_data_init_copy_emb.o)
 .debug_info    0x00037af6      0x29e c:/program files/microchip/xc32/v4.39/bin/bin/../../lib/gcc/pic32c/8.3.1/../../../../pic32c/lib/thumb/v8-m.base/nofp\libpic32c.a(pic32_data_init_copy.o)

.debug_abbrev   0x00000000     0x7974
 .debug_abbrev  0x00000000      0x28e build/pic32cm_gc_curiosity_pro/production/_ext/471585352/RcServo.o
 .debug_abbrev  0x0000028e       0xa8 build/pic32cm_gc_curiosity_pro/production/_ext/853750373/bsp.o
 .debug_abbrev  0x00000336      0x54f build/pic32cm_gc_curiosity_pro/production/_ext/1448873790/drv_spi.o
 .debug_abbrev  0x00000885      0x588 build/pic32cm_gc_curiosity_pro/production/_ext/1523867863/drv_usart.o
 .debug_abbrev  0x00000e0d      0x242 build/pic32cm_gc_curiosity_pro/production/_ext/714998607/plib_adc.o
 .debug_abbrev  0x0000104f      0x113 build/pic32cm_gc_curiosity_pro/production/_ext/83206111/plib_clock.o
 .debug_abbrev  0x00001162      0x331 build/pic32cm_gc_curiosity_pro/production/_ext/690022278/plib_dmac.o
 .debug_abbrev  0x00001493      0x1b7 build/pic32cm_gc_curiosity_pro/production/_ext/714994608/plib_eic.o
 .debug_abbrev  0x0000164a       0x3b build/pic32cm_gc_curiosity_pro/production/_ext/85355597/plib_evsys.o
 .debug_abbrev  0x00001685      0x270 build/pic32cm_gc_curiosity_pro/production/_ext/689715471/plib_nvic.o
 .debug_abbrev  0x000018f5       0x8a build/pic32cm_gc_curiosity_pro/production/_ext/392577996/plib_pm.o
 .debug_abbrev  0x0000197f      0x1f3 build/pic32cm_gc_curiosity_pro/production/_ext/689662320/plib_port.o
 .debug_abbrev  0x00001b72      0x43f build/pic32cm_gc_curiosity_pro/production/_ext/1527759270/plib_sercom1_i2c_master.o
 .debug_abbrev  0x00001fb1      0x2b2 build/pic32cm_gc_curiosity_pro/production/_ext/1036524628/plib_sercom2_spi_master.o
 .debug_abbrev  0x00002263      0x357 build/pic32cm_gc_curiosity_pro/production/_ext/2020896858/plib_sercom3_usart.o
 .debug_abbrev  0x000025ba      0x2c3 build/pic32cm_gc_curiosity_pro/production/_ext/2020896858/plib_sercom4_usart.o
 .debug_abbrev  0x0000287d      0x128 build/pic32cm_gc_curiosity_pro/production/_ext/714980379/plib_tcc0.o
 .debug_abbrev  0x000029a5      0x128 build/pic32cm_gc_curiosity_pro/production/_ext/714980379/plib_tcc1.o
 .debug_abbrev  0x00002acd      0x128 build/pic32cm_gc_curiosity_pro/production/_ext/714980379/plib_tcc3.o
 .debug_abbrev  0x00002bf5       0xb9 build/pic32cm_gc_curiosity_pro/production/_ext/99633435/xc32_monitor.o
 .debug_abbrev  0x00002cae       0xf2 build/pic32cm_gc_curiosity_pro/production/_ext/1183487548/sys_dma.o
 .debug_abbrev  0x00002da0      0x23c build/pic32cm_gc_curiosity_pro/production/_ext/1106506504/sys_int.o
 .debug_abbrev  0x00002fdc      0x2bc build/pic32cm_gc_curiosity_pro/production/_ext/1291214997/initialization.o
 .debug_abbrev  0x00003298       0x3e build/pic32cm_gc_curiosity_pro/production/_ext/1291214997/exceptions.o
 .debug_abbrev  0x000032d6       0xda build/pic32cm_gc_curiosity_pro/production/_ext/1291214997/interrupts.o
 .debug_abbrev  0x000033b0      0x177 build/pic32cm_gc_curiosity_pro/production/_ext/1291214997/startup_xc32.o
 .debug_abbrev  0x00003527      0x1a8 build/pic32cm_gc_curiosity_pro/production/_ext/603174789/pwm_driver.o
 .debug_abbrev  0x000036cf      0x483 build/pic32cm_gc_curiosity_pro/production/_ext/193257301/spi_async_driver.o
 .debug_abbrev  0x00003b52      0x183 build/pic32cm_gc_curiosity_pro/production/_ext/1360937237/platform_setup.o
 .debug_abbrev  0x00003cd5      0x38f build/pic32cm_gc_curiosity_pro/production/_ext/1360937237/pthread_create_example.o
 .debug_abbrev  0x00004064      0x408 build/pic32cm_gc_curiosity_pro/production/_ext/714996767/plib_can0.o
 .debug_abbrev  0x0000446c      0x2d6 build/pic32cm_gc_curiosity_pro/production/_ext/508636337/can_driver.o
 .debug_abbrev  0x00004742       0x44 c:/program files/microchip/xc32/v4.39/bin/bin/../../lib/gcc/pic32c/8.3.1/../../../../pic32c/lib/thumb/v8-m.base/nofp\libpic32c.a(data_init.o)
 .debug_abbrev  0x00004786      0x117 c:/program files/microchip/xc32/v4.39/bin/bin/../../lib/gcc/pic32c/8.3.1/../../../../pic32c/lib/thumb/v8-m.base/nofp\libc-musl.a(__libc_start_main.o)
 .debug_abbrev  0x0000489d       0xb8 c:/program files/microchip/xc32/v4.39/bin/bin/../../lib/gcc/pic32c/8.3.1/../../../../pic32c/lib/thumb/v8-m.base/nofp\libc-musl.a(libc.o)
 .debug_abbrev  0x00004955      0x137 c:/program files/microchip/xc32/v4.39/bin/bin/../../lib/gcc/pic32c/8.3.1/../../../../pic32c/lib/thumb/v8-m.base/nofp\libc-musl.a(__sio_printf_cdnpsxX.o)
 .debug_abbrev  0x00004a8c      0x120 c:/program files/microchip/xc32/v4.39/bin/bin/../../lib/gcc/pic32c/8.3.1/../../../../pic32c/lib/thumb/v8-m.base/nofp\libc-musl.a(__fmt_d.o)
 .debug_abbrev  0x00004bac      0x11d c:/program files/microchip/xc32/v4.39/bin/bin/../../lib/gcc/pic32c/8.3.1/../../../../pic32c/lib/thumb/v8-m.base/nofp\libc-musl.a(__fmt_s.o)
 .debug_abbrev  0x00004cc9      0x10f c:/program files/microchip/xc32/v4.39/bin/bin/../../lib/gcc/pic32c/8.3.1/../../../../pic32c/lib/thumb/v8-m.base/nofp\libc-musl.a(__fmt_x.o)
 .debug_abbrev  0x00004dd8       0xbd c:/program files/microchip/xc32/v4.39/bin/bin/../../lib/gcc/pic32c/8.3.1/../../../../pic32c/lib/thumb/v8-m.base/nofp\libc-musl.a(__pop_int.o)
 .debug_abbrev  0x00004e95       0xbd c:/program files/microchip/xc32/v4.39/bin/bin/../../lib/gcc/pic32c/8.3.1/../../../../pic32c/lib/thumb/v8-m.base/nofp\libc-musl.a(__pop_ptr.o)
 .debug_abbrev  0x00004f52      0x2be c:/program files/microchip/xc32/v4.39/bin/bin/../../lib/gcc/pic32c/8.3.1/../../../../pic32c/lib/thumb/v8-m.base/nofp\libc-musl.a(__printf_core.o)
 .debug_abbrev  0x00005210      0x175 c:/program files/microchip/xc32/v4.39/bin/bin/../../lib/gcc/pic32c/8.3.1/../../../../pic32c/lib/thumb/v8-m.base/nofp\libc-musl.a(stdin.o)
 .debug_abbrev  0x00005385      0x118 c:/program files/microchip/xc32/v4.39/bin/bin/../../lib/gcc/pic32c/8.3.1/../../../../pic32c/lib/thumb/v8-m.base/nofp\libc-musl.a(stdout.o)
 .debug_abbrev  0x0000549d      0x151 c:/program files/microchip/xc32/v4.39/bin/bin/../../lib/gcc/pic32c/8.3.1/../../../../pic32c/lib/thumb/v8-m.base/nofp\libc-musl.a(puts.o)
 .debug_abbrev  0x000055ee       0x9d c:/program files/microchip/xc32/v4.39/bin/bin/../../lib/gcc/pic32c/8.3.1/../../../../pic32c/lib/thumb/v8-m.base/nofp\libc-musl.a(setbuf.o)
 .debug_abbrev  0x0000568b       0xbb c:/program files/microchip/xc32/v4.39/bin/bin/../../lib/gcc/pic32c/8.3.1/../../../../pic32c/lib/thumb/v8-m.base/nofp\libc-musl.a(atoi.o)
 .debug_abbrev  0x00005746       0x9c c:/program files/microchip/xc32/v4.39/bin/bin/../../lib/gcc/pic32c/8.3.1/../../../../pic32c/lib/thumb/v8-m.base/nofp\libc-musl.a(memcpy.o)
 .debug_abbrev  0x000057e2       0x97 c:/program files/microchip/xc32/v4.39/bin/bin/../../lib/gcc/pic32c/8.3.1/../../../../pic32c/lib/thumb/v8-m.base/nofp\libc-musl.a(memset.o)
 .debug_abbrev  0x00005879       0x86 c:/program files/microchip/xc32/v4.39/bin/bin/../../lib/gcc/pic32c/8.3.1/../../../../pic32c/lib/thumb/v8-m.base/nofp\libc-musl.a(strlen.o)
 .debug_abbrev  0x000058ff       0xe9 c:/program files/microchip/xc32/v4.39/bin/bin/../../lib/gcc/pic32c/8.3.1/../../../../pic32c/lib/thumb/v8-m.base/nofp\libc-musl.a(tolower.o)
 .debug_abbrev  0x000059e8       0xe9 c:/program files/microchip/xc32/v4.39/bin/bin/../../lib/gcc/pic32c/8.3.1/../../../../pic32c/lib/thumb/v8-m.base/nofp\libc-musl.a(toupper.o)
 .debug_abbrev  0x00005ad1       0x57 c:/program files/microchip/xc32/v4.39/bin/bin/../../lib/gcc/pic32c/8.3.1/../../../../pic32c/lib/thumb/v8-m.base/nofp\libc-musl.a(__environ.o)
 .debug_abbrev  0x00005b28       0x2e c:/program files/microchip/xc32/v4.39/bin/bin/../../lib/gcc/pic32c/8.3.1/../../../../pic32c/lib/thumb/v8-m.base/nofp\libc-musl.a(__errno_location.o)
 .debug_abbrev  0x00005b56      0x116 c:/program files/microchip/xc32/v4.39/bin/bin/../../lib/gcc/pic32c/8.3.1/../../../../pic32c/lib/thumb/v8-m.base/nofp\libc-musl.a(__int_vfprintf.o)
 .debug_abbrev  0x00005c6c      0x12a c:/program files/microchip/xc32/v4.39/bin/bin/../../lib/gcc/pic32c/8.3.1/../../../../pic32c/lib/thumb/v8-m.base/nofp\libc-musl.a(fputs.o)
 .debug_abbrev  0x00005d96       0xb2 c:/program files/microchip/xc32/v4.39/bin/bin/../../lib/gcc/pic32c/8.3.1/../../../../pic32c/lib/thumb/v8-m.base/nofp\libc-musl.a(__cvt_u.o)
 .debug_abbrev  0x00005e48       0xbd c:/program files/microchip/xc32/v4.39/bin/bin/../../lib/gcc/pic32c/8.3.1/../../../../pic32c/lib/thumb/v8-m.base/nofp\libc-musl.a(__pop_float.o)
 .debug_abbrev  0x00005f05      0x150 c:/program files/microchip/xc32/v4.39/bin/bin/../../lib/gcc/pic32c/8.3.1/../../../../pic32c/lib/thumb/v8-m.base/nofp\libc-musl.a(__stdio_read.o)
 .debug_abbrev  0x00006055       0xdc c:/program files/microchip/xc32/v4.39/bin/bin/../../lib/gcc/pic32c/8.3.1/../../../../pic32c/lib/thumb/v8-m.base/nofp\libc-musl.a(__towrite_rw.o)
 .debug_abbrev  0x00006131      0x10c c:/program files/microchip/xc32/v4.39/bin/bin/../../lib/gcc/pic32c/8.3.1/../../../../pic32c/lib/thumb/v8-m.base/nofp\libc-musl.a(fwrite.o)
 .debug_abbrev  0x0000623d      0x106 c:/program files/microchip/xc32/v4.39/bin/bin/../../lib/gcc/pic32c/8.3.1/../../../../pic32c/lib/thumb/v8-m.base/nofp\libc-musl.a(putc.o)
 .debug_abbrev  0x00006343      0x119 c:/program files/microchip/xc32/v4.39/bin/bin/../../lib/gcc/pic32c/8.3.1/../../../../pic32c/lib/thumb/v8-m.base/nofp\libc-musl.a(setvbuf.o)
 .debug_abbrev  0x0000645c       0xd8 c:/program files/microchip/xc32/v4.39/bin/bin/../../lib/gcc/pic32c/8.3.1/../../../../pic32c/lib/thumb/v8-m.base/nofp\libc-musl.a(readv.o)
 .debug_abbrev  0x00006534      0x3fa c:/program files/microchip/xc32/v4.39/bin/bin/../../lib/gcc/pic32c/8.3.1/../../../../pic32c/lib/thumb/v8-m.base/nofp\libc-musl.a(malloc.o)
 .debug_abbrev  0x0000692e       0xa5 c:/program files/microchip/xc32/v4.39/bin/bin/../../lib/gcc/pic32c/8.3.1/../../../../pic32c/lib/thumb/v8-m.base/nofp\libc-musl.a(expand_heap.o)
 .debug_abbrev  0x000069d3       0x5a c:/program files/microchip/xc32/v4.39/bin/bin/../../lib/gcc/pic32c/8.3.1/../../../../pic32c/lib/thumb/v8-m.base/nofp\libc-musl.a(__init_stdio.o)
 .debug_abbrev  0x00006a2d      0x15b c:/program files/microchip/xc32/v4.39/bin/bin/../../lib/gcc/pic32c/8.3.1/../../../../pic32c/lib/thumb/v8-m.base/nofp\libc-musl.a(__out.o)
 .debug_abbrev  0x00006b88       0xed c:/program files/microchip/xc32/v4.39/bin/bin/../../lib/gcc/pic32c/8.3.1/../../../../pic32c/lib/thumb/v8-m.base/nofp\libc-musl.a(__putc.o)
 .debug_abbrev  0x00006c75      0x151 c:/program files/microchip/xc32/v4.39/bin/bin/../../lib/gcc/pic32c/8.3.1/../../../../pic32c/lib/thumb/v8-m.base/nofp\libc-musl.a(__stderr.o)
 .debug_abbrev  0x00006dc6      0x11f c:/program files/microchip/xc32/v4.39/bin/bin/../../lib/gcc/pic32c/8.3.1/../../../../pic32c/lib/thumb/v8-m.base/nofp\libc-musl.a(__stdio_close.o)
 .debug_abbrev  0x00006ee5      0x1a1 c:/program files/microchip/xc32/v4.39/bin/bin/../../lib/gcc/pic32c/8.3.1/../../../../pic32c/lib/thumb/v8-m.base/nofp\libc-musl.a(__stdio_write.o)
 .debug_abbrev  0x00007086      0x151 c:/program files/microchip/xc32/v4.39/bin/bin/../../lib/gcc/pic32c/8.3.1/../../../../pic32c/lib/thumb/v8-m.base/nofp\libc-musl.a(__stdout.o)
 .debug_abbrev  0x000071d7       0xf8 c:/program files/microchip/xc32/v4.39/bin/bin/../../lib/gcc/pic32c/8.3.1/../../../../pic32c/lib/thumb/v8-m.base/nofp\libc-musl.a(__towrite.o)
 .debug_abbrev  0x000072cf       0xd8 c:/program files/microchip/xc32/v4.39/bin/bin/../../lib/gcc/pic32c/8.3.1/../../../../pic32c/lib/thumb/v8-m.base/nofp\libc-musl.a(writev.o)
 .debug_abbrev  0x000073a7      0x125 c:/program files/microchip/xc32/v4.39/bin/bin/../../lib/gcc/pic32c/8.3.1/../../../../pic32c/lib/thumb/v8-m.base/nofp\libc-musl.a(__overflow.o)
 .debug_abbrev  0x000074cc      0x119 c:/program files/microchip/xc32/v4.39/bin/bin/../../lib/gcc/pic32c/8.3.1/../../../../pic32c/lib/thumb/v8-m.base/nofp\libc-musl.a(__fwrite.o)
 .debug_abbrev  0x000075e5       0x14 c:/program files/microchip/xc32/v4.39/bin/bin/../../lib/gcc/pic32c/8.3.1/thumb/v8-m.base/nofp\libgcc.a(_lshrdi3.o)
 .debug_abbrev  0x000075f9       0x14 c:/program files/microchip/xc32/v4.39/bin/bin/../../lib/gcc/pic32c/8.3.1/thumb/v8-m.base/nofp\libgcc.a(_ashldi3.o)
 .debug_abbrev  0x0000760d       0x14 c:/program files/microchip/xc32/v4.39/bin/bin/../../lib/gcc/pic32c/8.3.1/thumb/v8-m.base/nofp\libgcc.a(_aeabi_uldivmod.o)
 .debug_abbrev  0x00007621       0xef c:/program files/microchip/xc32/v4.39/bin/bin/../../lib/gcc/pic32c/8.3.1/thumb/v8-m.base/nofp\libgcc.a(_muldi3.o)
 .debug_abbrev  0x00007710      0x128 c:/program files/microchip/xc32/v4.39/bin/bin/../../lib/gcc/pic32c/8.3.1/thumb/v8-m.base/nofp\libgcc.a(_udivmoddi4.o)
 .debug_abbrev  0x00007838       0x14 c:/program files/microchip/xc32/v4.39/bin/bin/../../lib/gcc/pic32c/8.3.1/thumb/v8-m.base/nofp\libgcc.a(_dvmd_tls.o)
 .debug_abbrev  0x0000784c       0x14 c:/program files/microchip/xc32/v4.39/bin/bin/../../lib/gcc/pic32c/8.3.1/thumb/v8-m.base/nofp\libgcc.a(_clzsi2.o)
 .debug_abbrev  0x00007860       0x2e c:/program files/microchip/xc32/v4.39/bin/bin/../../lib/gcc/pic32c/8.3.1/../../../../pic32c/lib/thumb/v8-m.base/nofp\libpic32c.a(close.o)
 .debug_abbrev  0x0000788e       0x2e c:/program files/microchip/xc32/v4.39/bin/bin/../../lib/gcc/pic32c/8.3.1/../../../../pic32c/lib/thumb/v8-m.base/nofp\libpic32c.a(lseek.o)
 .debug_abbrev  0x000078bc       0x2e c:/program files/microchip/xc32/v4.39/bin/bin/../../lib/gcc/pic32c/8.3.1/../../../../pic32c/lib/thumb/v8-m.base/nofp\libpic32c.a(sbrk.o)
 .debug_abbrev  0x000078ea       0x2e c:/program files/microchip/xc32/v4.39/bin/bin/../../lib/gcc/pic32c/8.3.1/../../../../pic32c/lib/thumb/v8-m.base/nofp\libpic32c.a(pic32_data_init_clear.o)
 .debug_abbrev  0x00007918       0x2e c:/program files/microchip/xc32/v4.39/bin/bin/../../lib/gcc/pic32c/8.3.1/../../../../pic32c/lib/thumb/v8-m.base/nofp\libpic32c.a(pic32_data_init_copy_emb.o)
 .debug_abbrev  0x00007946       0x2e c:/program files/microchip/xc32/v4.39/bin/bin/../../lib/gcc/pic32c/8.3.1/../../../../pic32c/lib/thumb/v8-m.base/nofp\libpic32c.a(pic32_data_init_copy.o)

.debug_loc      0x00000000    0x10192
 .debug_loc     0x00000000      0x248 build/pic32cm_gc_curiosity_pro/production/_ext/471585352/RcServo.o
 .debug_loc     0x00000248     0x22b4 build/pic32cm_gc_curiosity_pro/production/_ext/1448873790/drv_spi.o
 .debug_loc     0x000024fc     0x28bc build/pic32cm_gc_curiosity_pro/production/_ext/1523867863/drv_usart.o
 .debug_loc     0x00004db8      0x119 build/pic32cm_gc_curiosity_pro/production/_ext/714998607/plib_adc.o
 .debug_loc     0x00004ed1      0xbe5 build/pic32cm_gc_curiosity_pro/production/_ext/690022278/plib_dmac.o
 .debug_loc     0x00005ab6      0x136 build/pic32cm_gc_curiosity_pro/production/_ext/714994608/plib_eic.o
 .debug_loc     0x00005bec      0x8f9 build/pic32cm_gc_curiosity_pro/production/_ext/689715471/plib_nvic.o
 .debug_loc     0x000064e5      0x2bb build/pic32cm_gc_curiosity_pro/production/_ext/689662320/plib_port.o
 .debug_loc     0x000067a0      0xc3b build/pic32cm_gc_curiosity_pro/production/_ext/1527759270/plib_sercom1_i2c_master.o
 .debug_loc     0x000073db      0x680 build/pic32cm_gc_curiosity_pro/production/_ext/1036524628/plib_sercom2_spi_master.o
 .debug_loc     0x00007a5b      0x768 build/pic32cm_gc_curiosity_pro/production/_ext/2020896858/plib_sercom3_usart.o
 .debug_loc     0x000081c3      0x5c8 build/pic32cm_gc_curiosity_pro/production/_ext/2020896858/plib_sercom4_usart.o
 .debug_loc     0x0000878b       0x6b build/pic32cm_gc_curiosity_pro/production/_ext/714980379/plib_tcc0.o
 .debug_loc     0x000087f6       0x6b build/pic32cm_gc_curiosity_pro/production/_ext/714980379/plib_tcc1.o
 .debug_loc     0x00008861       0x6b build/pic32cm_gc_curiosity_pro/production/_ext/714980379/plib_tcc3.o
 .debug_loc     0x000088cc      0x1af build/pic32cm_gc_curiosity_pro/production/_ext/99633435/xc32_monitor.o
 .debug_loc     0x00008a7b      0x186 build/pic32cm_gc_curiosity_pro/production/_ext/1183487548/sys_dma.o
 .debug_loc     0x00008c01      0x18d build/pic32cm_gc_curiosity_pro/production/_ext/1106506504/sys_int.o
 .debug_loc     0x00008d8e       0x45 build/pic32cm_gc_curiosity_pro/production/_ext/1291214997/initialization.o
 .debug_loc     0x00008dd3       0x45 build/pic32cm_gc_curiosity_pro/production/_ext/1291214997/startup_xc32.o
 .debug_loc     0x00008e18       0xf9 build/pic32cm_gc_curiosity_pro/production/_ext/603174789/pwm_driver.o
 .debug_loc     0x00008f11      0xa17 build/pic32cm_gc_curiosity_pro/production/_ext/193257301/spi_async_driver.o
 .debug_loc     0x00009928      0x19e build/pic32cm_gc_curiosity_pro/production/_ext/1360937237/platform_setup.o
 .debug_loc     0x00009ac6      0x33b build/pic32cm_gc_curiosity_pro/production/_ext/1360937237/pthread_create_example.o
 .debug_loc     0x00009e01     0x110d build/pic32cm_gc_curiosity_pro/production/_ext/714996767/plib_can0.o
 .debug_loc     0x0000af0e      0x4a7 build/pic32cm_gc_curiosity_pro/production/_ext/508636337/can_driver.o
 .debug_loc     0x0000b3b5       0x14 c:/program files/microchip/xc32/v4.39/bin/bin/../../lib/gcc/pic32c/8.3.1/../../../../pic32c/lib/thumb/v8-m.base/nofp\libpic32c.a(data_init.o)
 .debug_loc     0x0000b3c9       0x5e c:/program files/microchip/xc32/v4.39/bin/bin/../../lib/gcc/pic32c/8.3.1/../../../../pic32c/lib/thumb/v8-m.base/nofp\libc-musl.a(__libc_start_main.o)
 .debug_loc     0x0000b427       0x61 c:/program files/microchip/xc32/v4.39/bin/bin/../../lib/gcc/pic32c/8.3.1/../../../../pic32c/lib/thumb/v8-m.base/nofp\libc-musl.a(__sio_printf_cdnpsxX.o)
 .debug_loc     0x0000b488      0x2a6 c:/program files/microchip/xc32/v4.39/bin/bin/../../lib/gcc/pic32c/8.3.1/../../../../pic32c/lib/thumb/v8-m.base/nofp\libc-musl.a(__fmt_d.o)
 .debug_loc     0x0000b72e      0x144 c:/program files/microchip/xc32/v4.39/bin/bin/../../lib/gcc/pic32c/8.3.1/../../../../pic32c/lib/thumb/v8-m.base/nofp\libc-musl.a(__fmt_s.o)
 .debug_loc     0x0000b872      0x3be c:/program files/microchip/xc32/v4.39/bin/bin/../../lib/gcc/pic32c/8.3.1/../../../../pic32c/lib/thumb/v8-m.base/nofp\libc-musl.a(__fmt_x.o)
 .debug_loc     0x0000bc30      0x34c c:/program files/microchip/xc32/v4.39/bin/bin/../../lib/gcc/pic32c/8.3.1/../../../../pic32c/lib/thumb/v8-m.base/nofp\libc-musl.a(__pop_int.o)
 .debug_loc     0x0000bf7c      0x1fe c:/program files/microchip/xc32/v4.39/bin/bin/../../lib/gcc/pic32c/8.3.1/../../../../pic32c/lib/thumb/v8-m.base/nofp\libc-musl.a(__pop_ptr.o)
 .debug_loc     0x0000c17a      0x6ca c:/program files/microchip/xc32/v4.39/bin/bin/../../lib/gcc/pic32c/8.3.1/../../../../pic32c/lib/thumb/v8-m.base/nofp\libc-musl.a(__printf_core.o)
 .debug_loc     0x0000c844       0x45 c:/program files/microchip/xc32/v4.39/bin/bin/../../lib/gcc/pic32c/8.3.1/../../../../pic32c/lib/thumb/v8-m.base/nofp\libc-musl.a(stdin.o)
 .debug_loc     0x0000c889       0x40 c:/program files/microchip/xc32/v4.39/bin/bin/../../lib/gcc/pic32c/8.3.1/../../../../pic32c/lib/thumb/v8-m.base/nofp\libc-musl.a(stdout.o)
 .debug_loc     0x0000c8c9       0x6a c:/program files/microchip/xc32/v4.39/bin/bin/../../lib/gcc/pic32c/8.3.1/../../../../pic32c/lib/thumb/v8-m.base/nofp\libc-musl.a(puts.o)
 .debug_loc     0x0000c933       0x6a c:/program files/microchip/xc32/v4.39/bin/bin/../../lib/gcc/pic32c/8.3.1/../../../../pic32c/lib/thumb/v8-m.base/nofp\libc-musl.a(setbuf.o)
 .debug_loc     0x0000c99d       0xdc c:/program files/microchip/xc32/v4.39/bin/bin/../../lib/gcc/pic32c/8.3.1/../../../../pic32c/lib/thumb/v8-m.base/nofp\libc-musl.a(atoi.o)
 .debug_loc     0x0000ca79      0x12d c:/program files/microchip/xc32/v4.39/bin/bin/../../lib/gcc/pic32c/8.3.1/../../../../pic32c/lib/thumb/v8-m.base/nofp\libc-musl.a(memcpy.o)
 .debug_loc     0x0000cba6       0xcd c:/program files/microchip/xc32/v4.39/bin/bin/../../lib/gcc/pic32c/8.3.1/../../../../pic32c/lib/thumb/v8-m.base/nofp\libc-musl.a(memset.o)
 .debug_loc     0x0000cc73       0x81 c:/program files/microchip/xc32/v4.39/bin/bin/../../lib/gcc/pic32c/8.3.1/../../../../pic32c/lib/thumb/v8-m.base/nofp\libc-musl.a(strlen.o)
 .debug_loc     0x0000ccf4       0x8f c:/program files/microchip/xc32/v4.39/bin/bin/../../lib/gcc/pic32c/8.3.1/../../../../pic32c/lib/thumb/v8-m.base/nofp\libc-musl.a(tolower.o)
 .debug_loc     0x0000cd83       0x8f c:/program files/microchip/xc32/v4.39/bin/bin/../../lib/gcc/pic32c/8.3.1/../../../../pic32c/lib/thumb/v8-m.base/nofp\libc-musl.a(toupper.o)
 .debug_loc     0x0000ce12       0xb0 c:/program files/microchip/xc32/v4.39/bin/bin/../../lib/gcc/pic32c/8.3.1/../../../../pic32c/lib/thumb/v8-m.base/nofp\libc-musl.a(__int_vfprintf.o)
 .debug_loc     0x0000cec2       0xb3 c:/program files/microchip/xc32/v4.39/bin/bin/../../lib/gcc/pic32c/8.3.1/../../../../pic32c/lib/thumb/v8-m.base/nofp\libc-musl.a(fputs.o)
 .debug_loc     0x0000cf75      0x1d4 c:/program files/microchip/xc32/v4.39/bin/bin/../../lib/gcc/pic32c/8.3.1/../../../../pic32c/lib/thumb/v8-m.base/nofp\libc-musl.a(__cvt_u.o)
 .debug_loc     0x0000d149       0x6f c:/program files/microchip/xc32/v4.39/bin/bin/../../lib/gcc/pic32c/8.3.1/../../../../pic32c/lib/thumb/v8-m.base/nofp\libc-musl.a(__pop_float.o)
 .debug_loc     0x0000d1b8      0x107 c:/program files/microchip/xc32/v4.39/bin/bin/../../lib/gcc/pic32c/8.3.1/../../../../pic32c/lib/thumb/v8-m.base/nofp\libc-musl.a(__stdio_read.o)
 .debug_loc     0x0000d2bf       0x42 c:/program files/microchip/xc32/v4.39/bin/bin/../../lib/gcc/pic32c/8.3.1/../../../../pic32c/lib/thumb/v8-m.base/nofp\libc-musl.a(__towrite_rw.o)
 .debug_loc     0x0000d301      0x1c5 c:/program files/microchip/xc32/v4.39/bin/bin/../../lib/gcc/pic32c/8.3.1/../../../../pic32c/lib/thumb/v8-m.base/nofp\libc-musl.a(fwrite.o)
 .debug_loc     0x0000d4c6      0x13b c:/program files/microchip/xc32/v4.39/bin/bin/../../lib/gcc/pic32c/8.3.1/../../../../pic32c/lib/thumb/v8-m.base/nofp\libc-musl.a(putc.o)
 .debug_loc     0x0000d601       0xf8 c:/program files/microchip/xc32/v4.39/bin/bin/../../lib/gcc/pic32c/8.3.1/../../../../pic32c/lib/thumb/v8-m.base/nofp\libc-musl.a(setvbuf.o)
 .debug_loc     0x0000d6f9      0x130 c:/program files/microchip/xc32/v4.39/bin/bin/../../lib/gcc/pic32c/8.3.1/../../../../pic32c/lib/thumb/v8-m.base/nofp\libc-musl.a(readv.o)
 .debug_loc     0x0000d829      0xd36 c:/program files/microchip/xc32/v4.39/bin/bin/../../lib/gcc/pic32c/8.3.1/../../../../pic32c/lib/thumb/v8-m.base/nofp\libc-musl.a(malloc.o)
 .debug_loc     0x0000e55f       0x7c c:/program files/microchip/xc32/v4.39/bin/bin/../../lib/gcc/pic32c/8.3.1/../../../../pic32c/lib/thumb/v8-m.base/nofp\libc-musl.a(expand_heap.o)
 .debug_loc     0x0000e5db       0x20 c:/program files/microchip/xc32/v4.39/bin/bin/../../lib/gcc/pic32c/8.3.1/../../../../pic32c/lib/thumb/v8-m.base/nofp\libc-musl.a(__init_stdio.o)
 .debug_loc     0x0000e5fb      0x1e6 c:/program files/microchip/xc32/v4.39/bin/bin/../../lib/gcc/pic32c/8.3.1/../../../../pic32c/lib/thumb/v8-m.base/nofp\libc-musl.a(__out.o)
 .debug_loc     0x0000e7e1       0xbe c:/program files/microchip/xc32/v4.39/bin/bin/../../lib/gcc/pic32c/8.3.1/../../../../pic32c/lib/thumb/v8-m.base/nofp\libc-musl.a(__putc.o)
 .debug_loc     0x0000e89f       0x45 c:/program files/microchip/xc32/v4.39/bin/bin/../../lib/gcc/pic32c/8.3.1/../../../../pic32c/lib/thumb/v8-m.base/nofp\libc-musl.a(__stderr.o)
 .debug_loc     0x0000e8e4      0x1d8 c:/program files/microchip/xc32/v4.39/bin/bin/../../lib/gcc/pic32c/8.3.1/../../../../pic32c/lib/thumb/v8-m.base/nofp\libc-musl.a(__stdio_close.o)
 .debug_loc     0x0000eabc      0x364 c:/program files/microchip/xc32/v4.39/bin/bin/../../lib/gcc/pic32c/8.3.1/../../../../pic32c/lib/thumb/v8-m.base/nofp\libc-musl.a(__stdio_write.o)
 .debug_loc     0x0000ee20       0x45 c:/program files/microchip/xc32/v4.39/bin/bin/../../lib/gcc/pic32c/8.3.1/../../../../pic32c/lib/thumb/v8-m.base/nofp\libc-musl.a(__stdout.o)
 .debug_loc     0x0000ee65       0x8c c:/program files/microchip/xc32/v4.39/bin/bin/../../lib/gcc/pic32c/8.3.1/../../../../pic32c/lib/thumb/v8-m.base/nofp\libc-musl.a(__towrite.o)
 .debug_loc     0x0000eef1      0x130 c:/program files/microchip/xc32/v4.39/bin/bin/../../lib/gcc/pic32c/8.3.1/../../../../pic32c/lib/thumb/v8-m.base/nofp\libc-musl.a(writev.o)
 .debug_loc     0x0000f021       0xbb c:/program files/microchip/xc32/v4.39/bin/bin/../../lib/gcc/pic32c/8.3.1/../../../../pic32c/lib/thumb/v8-m.base/nofp\libc-musl.a(__overflow.o)
 .debug_loc     0x0000f0dc      0x106 c:/program files/microchip/xc32/v4.39/bin/bin/../../lib/gcc/pic32c/8.3.1/../../../../pic32c/lib/thumb/v8-m.base/nofp\libc-musl.a(__fwrite.o)
 .debug_loc     0x0000f1e2      0x177 c:/program files/microchip/xc32/v4.39/bin/bin/../../lib/gcc/pic32c/8.3.1/thumb/v8-m.base/nofp\libgcc.a(_muldi3.o)
 .debug_loc     0x0000f359      0xe11 c:/program files/microchip/xc32/v4.39/bin/bin/../../lib/gcc/pic32c/8.3.1/thumb/v8-m.base/nofp\libgcc.a(_udivmoddi4.o)
 .debug_loc     0x0001016a       0x14 c:/program files/microchip/xc32/v4.39/bin/bin/../../lib/gcc/pic32c/8.3.1/../../../../pic32c/lib/thumb/v8-m.base/nofp\libpic32c.a(pic32_data_init_copy_emb.o)
 .debug_loc     0x0001017e       0x14 c:/program files/microchip/xc32/v4.39/bin/bin/../../lib/gcc/pic32c/8.3.1/../../../../pic32c/lib/thumb/v8-m.base/nofp\libpic32c.a(pic32_data_init_copy.o)

.debug_aranges  0x00000000     0x14b8
 .debug_aranges
                0x00000000       0x38 build/pic32cm_gc_curiosity_pro/production/_ext/471585352/RcServo.o
 .debug_aranges
                0x00000038       0x20 build/pic32cm_gc_curiosity_pro/production/_ext/853750373/bsp.o
 .debug_aranges
                0x00000058       0xb8 build/pic32cm_gc_curiosity_pro/production/_ext/1448873790/drv_spi.o
 .debug_aranges
                0x00000110      0x110 build/pic32cm_gc_curiosity_pro/production/_ext/1523867863/drv_usart.o
 .debug_aranges
                0x00000220       0xd0 build/pic32cm_gc_curiosity_pro/production/_ext/714998607/plib_adc.o
 .debug_aranges
                0x000002f0       0x20 build/pic32cm_gc_curiosity_pro/production/_ext/83206111/plib_clock.o
 .debug_aranges
                0x00000310       0xa8 build/pic32cm_gc_curiosity_pro/production/_ext/690022278/plib_dmac.o
 .debug_aranges
                0x000003b8       0x58 build/pic32cm_gc_curiosity_pro/production/_ext/714994608/plib_eic.o
 .debug_aranges
                0x00000410       0x20 build/pic32cm_gc_curiosity_pro/production/_ext/85355597/plib_evsys.o
 .debug_aranges
                0x00000430       0x48 build/pic32cm_gc_curiosity_pro/production/_ext/689715471/plib_nvic.o
 .debug_aranges
                0x00000478       0x58 build/pic32cm_gc_curiosity_pro/production/_ext/392577996/plib_pm.o
 .debug_aranges
                0x000004d0       0x70 build/pic32cm_gc_curiosity_pro/production/_ext/689662320/plib_port.o
 .debug_aranges
                0x00000540       0x78 build/pic32cm_gc_curiosity_pro/production/_ext/1527759270/plib_sercom1_i2c_master.o
 .debug_aranges
                0x000005b8       0x60 build/pic32cm_gc_curiosity_pro/production/_ext/1036524628/plib_sercom2_spi_master.o
 .debug_aranges
                0x00000618       0xe0 build/pic32cm_gc_curiosity_pro/production/_ext/2020896858/plib_sercom3_usart.o
 .debug_aranges
                0x000006f8       0xa8 build/pic32cm_gc_curiosity_pro/production/_ext/2020896858/plib_sercom4_usart.o
 .debug_aranges
                0x000007a0       0x70 build/pic32cm_gc_curiosity_pro/production/_ext/714980379/plib_tcc0.o
 .debug_aranges
                0x00000810       0x70 build/pic32cm_gc_curiosity_pro/production/_ext/714980379/plib_tcc1.o
 .debug_aranges
                0x00000880       0x70 build/pic32cm_gc_curiosity_pro/production/_ext/714980379/plib_tcc3.o
 .debug_aranges
                0x000008f0       0x28 build/pic32cm_gc_curiosity_pro/production/_ext/99633435/xc32_monitor.o
 .debug_aranges
                0x00000918       0x28 build/pic32cm_gc_curiosity_pro/production/_ext/1183487548/sys_dma.o
 .debug_aranges
                0x00000940       0x40 build/pic32cm_gc_curiosity_pro/production/_ext/1106506504/sys_int.o
 .debug_aranges
                0x00000980       0x20 build/pic32cm_gc_curiosity_pro/production/_ext/1291214997/initialization.o
 .debug_aranges
                0x000009a0       0x28 build/pic32cm_gc_curiosity_pro/production/_ext/1291214997/exceptions.o
 .debug_aranges
                0x000009c8       0x20 build/pic32cm_gc_curiosity_pro/production/_ext/1291214997/interrupts.o
 .debug_aranges
                0x000009e8       0x28 build/pic32cm_gc_curiosity_pro/production/_ext/1291214997/startup_xc32.o
 .debug_aranges
                0x00000a10       0x28 build/pic32cm_gc_curiosity_pro/production/_ext/603174789/pwm_driver.o
 .debug_aranges
                0x00000a38       0x50 build/pic32cm_gc_curiosity_pro/production/_ext/193257301/spi_async_driver.o
 .debug_aranges
                0x00000a88       0x30 build/pic32cm_gc_curiosity_pro/production/_ext/1360937237/platform_setup.o
 .debug_aranges
                0x00000ab8       0x60 build/pic32cm_gc_curiosity_pro/production/_ext/1360937237/pthread_create_example.o
 .debug_aranges
                0x00000b18       0xc8 build/pic32cm_gc_curiosity_pro/production/_ext/714996767/plib_can0.o
 .debug_aranges
                0x00000be0       0x80 build/pic32cm_gc_curiosity_pro/production/_ext/508636337/can_driver.o
 .debug_aranges
                0x00000c60       0x28 c:/program files/microchip/xc32/v4.39/bin/bin/../../lib/gcc/pic32c/8.3.1/../../../../pic32c/lib/thumb/v8-m.base/nofp\libpic32c.a(data_init.o)
 .debug_aranges
                0x00000c88       0x28 c:/program files/microchip/xc32/v4.39/bin/bin/../../lib/gcc/pic32c/8.3.1/../../../../pic32c/lib/thumb/v8-m.base/nofp\libc-musl.a(__libc_start_main.o)
 .debug_aranges
                0x00000cb0       0x18 c:/program files/microchip/xc32/v4.39/bin/bin/../../lib/gcc/pic32c/8.3.1/../../../../pic32c/lib/thumb/v8-m.base/nofp\libc-musl.a(libc.o)
 .debug_aranges
                0x00000cc8       0x28 c:/program files/microchip/xc32/v4.39/bin/bin/../../lib/gcc/pic32c/8.3.1/../../../../pic32c/lib/thumb/v8-m.base/nofp\libc-musl.a(__sio_printf_cdnpsxX.o)
 .debug_aranges
                0x00000cf0       0x20 c:/program files/microchip/xc32/v4.39/bin/bin/../../lib/gcc/pic32c/8.3.1/../../../../pic32c/lib/thumb/v8-m.base/nofp\libc-musl.a(__fmt_d.o)
 .debug_aranges
                0x00000d10       0x20 c:/program files/microchip/xc32/v4.39/bin/bin/../../lib/gcc/pic32c/8.3.1/../../../../pic32c/lib/thumb/v8-m.base/nofp\libc-musl.a(__fmt_s.o)
 .debug_aranges
                0x00000d30       0x20 c:/program files/microchip/xc32/v4.39/bin/bin/../../lib/gcc/pic32c/8.3.1/../../../../pic32c/lib/thumb/v8-m.base/nofp\libc-musl.a(__fmt_x.o)
 .debug_aranges
                0x00000d50       0x20 c:/program files/microchip/xc32/v4.39/bin/bin/../../lib/gcc/pic32c/8.3.1/../../../../pic32c/lib/thumb/v8-m.base/nofp\libc-musl.a(__pop_int.o)
 .debug_aranges
                0x00000d70       0x20 c:/program files/microchip/xc32/v4.39/bin/bin/../../lib/gcc/pic32c/8.3.1/../../../../pic32c/lib/thumb/v8-m.base/nofp\libc-musl.a(__pop_ptr.o)
 .debug_aranges
                0x00000d90       0x50 c:/program files/microchip/xc32/v4.39/bin/bin/../../lib/gcc/pic32c/8.3.1/../../../../pic32c/lib/thumb/v8-m.base/nofp\libc-musl.a(__printf_core.o)
 .debug_aranges
                0x00000de0       0x28 c:/program files/microchip/xc32/v4.39/bin/bin/../../lib/gcc/pic32c/8.3.1/../../../../pic32c/lib/thumb/v8-m.base/nofp\libc-musl.a(stdin.o)
 .debug_aranges
                0x00000e08       0x30 c:/program files/microchip/xc32/v4.39/bin/bin/../../lib/gcc/pic32c/8.3.1/../../../../pic32c/lib/thumb/v8-m.base/nofp\libc-musl.a(stdout.o)
 .debug_aranges
                0x00000e38       0x20 c:/program files/microchip/xc32/v4.39/bin/bin/../../lib/gcc/pic32c/8.3.1/../../../../pic32c/lib/thumb/v8-m.base/nofp\libc-musl.a(puts.o)
 .debug_aranges
                0x00000e58       0x20 c:/program files/microchip/xc32/v4.39/bin/bin/../../lib/gcc/pic32c/8.3.1/../../../../pic32c/lib/thumb/v8-m.base/nofp\libc-musl.a(setbuf.o)
 .debug_aranges
                0x00000e78       0x20 c:/program files/microchip/xc32/v4.39/bin/bin/../../lib/gcc/pic32c/8.3.1/../../../../pic32c/lib/thumb/v8-m.base/nofp\libc-musl.a(atoi.o)
 .debug_aranges
                0x00000e98       0x20 c:/program files/microchip/xc32/v4.39/bin/bin/../../lib/gcc/pic32c/8.3.1/../../../../pic32c/lib/thumb/v8-m.base/nofp\libc-musl.a(memcpy.o)
 .debug_aranges
                0x00000eb8       0x20 c:/program files/microchip/xc32/v4.39/bin/bin/../../lib/gcc/pic32c/8.3.1/../../../../pic32c/lib/thumb/v8-m.base/nofp\libc-musl.a(memset.o)
 .debug_aranges
                0x00000ed8       0x20 c:/program files/microchip/xc32/v4.39/bin/bin/../../lib/gcc/pic32c/8.3.1/../../../../pic32c/lib/thumb/v8-m.base/nofp\libc-musl.a(strlen.o)
 .debug_aranges
                0x00000ef8       0x28 c:/program files/microchip/xc32/v4.39/bin/bin/../../lib/gcc/pic32c/8.3.1/../../../../pic32c/lib/thumb/v8-m.base/nofp\libc-musl.a(tolower.o)
 .debug_aranges
                0x00000f20       0x28 c:/program files/microchip/xc32/v4.39/bin/bin/../../lib/gcc/pic32c/8.3.1/../../../../pic32c/lib/thumb/v8-m.base/nofp\libc-musl.a(toupper.o)
 .debug_aranges
                0x00000f48       0x18 c:/program files/microchip/xc32/v4.39/bin/bin/../../lib/gcc/pic32c/8.3.1/../../../../pic32c/lib/thumb/v8-m.base/nofp\libc-musl.a(__environ.o)
 .debug_aranges
                0x00000f60       0x18 c:/program files/microchip/xc32/v4.39/bin/bin/../../lib/gcc/pic32c/8.3.1/../../../../pic32c/lib/thumb/v8-m.base/nofp\libc-musl.a(__errno_location.o)
 .debug_aranges
                0x00000f78       0x20 c:/program files/microchip/xc32/v4.39/bin/bin/../../lib/gcc/pic32c/8.3.1/../../../../pic32c/lib/thumb/v8-m.base/nofp\libc-musl.a(__int_vfprintf.o)
 .debug_aranges
                0x00000f98       0x20 c:/program files/microchip/xc32/v4.39/bin/bin/../../lib/gcc/pic32c/8.3.1/../../../../pic32c/lib/thumb/v8-m.base/nofp\libc-musl.a(fputs.o)
 .debug_aranges
                0x00000fb8       0x20 c:/program files/microchip/xc32/v4.39/bin/bin/../../lib/gcc/pic32c/8.3.1/../../../../pic32c/lib/thumb/v8-m.base/nofp\libc-musl.a(__cvt_u.o)
 .debug_aranges
                0x00000fd8       0x20 c:/program files/microchip/xc32/v4.39/bin/bin/../../lib/gcc/pic32c/8.3.1/../../../../pic32c/lib/thumb/v8-m.base/nofp\libc-musl.a(__pop_float.o)
 .debug_aranges
                0x00000ff8       0x20 c:/program files/microchip/xc32/v4.39/bin/bin/../../lib/gcc/pic32c/8.3.1/../../../../pic32c/lib/thumb/v8-m.base/nofp\libc-musl.a(__stdio_read.o)
 .debug_aranges
                0x00001018       0x20 c:/program files/microchip/xc32/v4.39/bin/bin/../../lib/gcc/pic32c/8.3.1/../../../../pic32c/lib/thumb/v8-m.base/nofp\libc-musl.a(__towrite_rw.o)
 .debug_aranges
                0x00001038       0x28 c:/program files/microchip/xc32/v4.39/bin/bin/../../lib/gcc/pic32c/8.3.1/../../../../pic32c/lib/thumb/v8-m.base/nofp\libc-musl.a(fwrite.o)
 .debug_aranges
                0x00001060       0x30 c:/program files/microchip/xc32/v4.39/bin/bin/../../lib/gcc/pic32c/8.3.1/../../../../pic32c/lib/thumb/v8-m.base/nofp\libc-musl.a(putc.o)
 .debug_aranges
                0x00001090       0x28 c:/program files/microchip/xc32/v4.39/bin/bin/../../lib/gcc/pic32c/8.3.1/../../../../pic32c/lib/thumb/v8-m.base/nofp\libc-musl.a(setvbuf.o)
 .debug_aranges
                0x000010b8       0x20 c:/program files/microchip/xc32/v4.39/bin/bin/../../lib/gcc/pic32c/8.3.1/../../../../pic32c/lib/thumb/v8-m.base/nofp\libc-musl.a(readv.o)
 .debug_aranges
                0x000010d8       0x70 c:/program files/microchip/xc32/v4.39/bin/bin/../../lib/gcc/pic32c/8.3.1/../../../../pic32c/lib/thumb/v8-m.base/nofp\libc-musl.a(malloc.o)
 .debug_aranges
                0x00001148       0x20 c:/program files/microchip/xc32/v4.39/bin/bin/../../lib/gcc/pic32c/8.3.1/../../../../pic32c/lib/thumb/v8-m.base/nofp\libc-musl.a(expand_heap.o)
 .debug_aranges
                0x00001168       0x28 c:/program files/microchip/xc32/v4.39/bin/bin/../../lib/gcc/pic32c/8.3.1/../../../../pic32c/lib/thumb/v8-m.base/nofp\libc-musl.a(__init_stdio.o)
 .debug_aranges
                0x00001190       0x28 c:/program files/microchip/xc32/v4.39/bin/bin/../../lib/gcc/pic32c/8.3.1/../../../../pic32c/lib/thumb/v8-m.base/nofp\libc-musl.a(__out.o)
 .debug_aranges
                0x000011b8       0x20 c:/program files/microchip/xc32/v4.39/bin/bin/../../lib/gcc/pic32c/8.3.1/../../../../pic32c/lib/thumb/v8-m.base/nofp\libc-musl.a(__putc.o)
 .debug_aranges
                0x000011d8       0x30 c:/program files/microchip/xc32/v4.39/bin/bin/../../lib/gcc/pic32c/8.3.1/../../../../pic32c/lib/thumb/v8-m.base/nofp\libc-musl.a(__stderr.o)
 .debug_aranges
                0x00001208       0x28 c:/program files/microchip/xc32/v4.39/bin/bin/../../lib/gcc/pic32c/8.3.1/../../../../pic32c/lib/thumb/v8-m.base/nofp\libc-musl.a(__stdio_close.o)
 .debug_aranges
                0x00001230       0x28 c:/program files/microchip/xc32/v4.39/bin/bin/../../lib/gcc/pic32c/8.3.1/../../../../pic32c/lib/thumb/v8-m.base/nofp\libc-musl.a(__stdio_write.o)
 .debug_aranges
                0x00001258       0x30 c:/program files/microchip/xc32/v4.39/bin/bin/../../lib/gcc/pic32c/8.3.1/../../../../pic32c/lib/thumb/v8-m.base/nofp\libc-musl.a(__stdout.o)
 .debug_aranges
                0x00001288       0x28 c:/program files/microchip/xc32/v4.39/bin/bin/../../lib/gcc/pic32c/8.3.1/../../../../pic32c/lib/thumb/v8-m.base/nofp\libc-musl.a(__towrite.o)
 .debug_aranges
                0x000012b0       0x20 c:/program files/microchip/xc32/v4.39/bin/bin/../../lib/gcc/pic32c/8.3.1/../../../../pic32c/lib/thumb/v8-m.base/nofp\libc-musl.a(writev.o)
 .debug_aranges
                0x000012d0       0x20 c:/program files/microchip/xc32/v4.39/bin/bin/../../lib/gcc/pic32c/8.3.1/../../../../pic32c/lib/thumb/v8-m.base/nofp\libc-musl.a(__overflow.o)
 .debug_aranges
                0x000012f0       0x28 c:/program files/microchip/xc32/v4.39/bin/bin/../../lib/gcc/pic32c/8.3.1/../../../../pic32c/lib/thumb/v8-m.base/nofp\libc-musl.a(__fwrite.o)
 .debug_aranges
                0x00001318       0x20 c:/program files/microchip/xc32/v4.39/bin/bin/../../lib/gcc/pic32c/8.3.1/thumb/v8-m.base/nofp\libgcc.a(_lshrdi3.o)
 .debug_aranges
                0x00001338       0x20 c:/program files/microchip/xc32/v4.39/bin/bin/../../lib/gcc/pic32c/8.3.1/thumb/v8-m.base/nofp\libgcc.a(_ashldi3.o)
 .debug_aranges
                0x00001358       0x20 c:/program files/microchip/xc32/v4.39/bin/bin/../../lib/gcc/pic32c/8.3.1/thumb/v8-m.base/nofp\libgcc.a(_aeabi_uldivmod.o)
 .debug_aranges
                0x00001378       0x20 c:/program files/microchip/xc32/v4.39/bin/bin/../../lib/gcc/pic32c/8.3.1/thumb/v8-m.base/nofp\libgcc.a(_muldi3.o)
 .debug_aranges
                0x00001398       0x20 c:/program files/microchip/xc32/v4.39/bin/bin/../../lib/gcc/pic32c/8.3.1/thumb/v8-m.base/nofp\libgcc.a(_udivmoddi4.o)
 .debug_aranges
                0x000013b8       0x20 c:/program files/microchip/xc32/v4.39/bin/bin/../../lib/gcc/pic32c/8.3.1/thumb/v8-m.base/nofp\libgcc.a(_dvmd_tls.o)
 .debug_aranges
                0x000013d8       0x20 c:/program files/microchip/xc32/v4.39/bin/bin/../../lib/gcc/pic32c/8.3.1/thumb/v8-m.base/nofp\libgcc.a(_clzsi2.o)
 .debug_aranges
                0x000013f8       0x20 c:/program files/microchip/xc32/v4.39/bin/bin/../../lib/gcc/pic32c/8.3.1/../../../../pic32c/lib/thumb/v8-m.base/nofp\libpic32c.a(close.o)
 .debug_aranges
                0x00001418       0x20 c:/program files/microchip/xc32/v4.39/bin/bin/../../lib/gcc/pic32c/8.3.1/../../../../pic32c/lib/thumb/v8-m.base/nofp\libpic32c.a(lseek.o)
 .debug_aranges
                0x00001438       0x20 c:/program files/microchip/xc32/v4.39/bin/bin/../../lib/gcc/pic32c/8.3.1/../../../../pic32c/lib/thumb/v8-m.base/nofp\libpic32c.a(sbrk.o)
 .debug_aranges
                0x00001458       0x20 c:/program files/microchip/xc32/v4.39/bin/bin/../../lib/gcc/pic32c/8.3.1/../../../../pic32c/lib/thumb/v8-m.base/nofp\libpic32c.a(pic32_data_init_clear.o)
 .debug_aranges
                0x00001478       0x20 c:/program files/microchip/xc32/v4.39/bin/bin/../../lib/gcc/pic32c/8.3.1/../../../../pic32c/lib/thumb/v8-m.base/nofp\libpic32c.a(pic32_data_init_copy_emb.o)
 .debug_aranges
                0x00001498       0x20 c:/program files/microchip/xc32/v4.39/bin/bin/../../lib/gcc/pic32c/8.3.1/../../../../pic32c/lib/thumb/v8-m.base/nofp\libpic32c.a(pic32_data_init_copy.o)

.debug_ranges   0x00000000     0x16b8
 .debug_ranges  0x00000000       0x40 build/pic32cm_gc_curiosity_pro/production/_ext/471585352/RcServo.o
 .debug_ranges  0x00000040       0x10 build/pic32cm_gc_curiosity_pro/production/_ext/853750373/bsp.o
 .debug_ranges  0x00000050      0x1d0 build/pic32cm_gc_curiosity_pro/production/_ext/1448873790/drv_spi.o
 .debug_ranges  0x00000220      0x248 build/pic32cm_gc_curiosity_pro/production/_ext/1523867863/drv_usart.o
 .debug_ranges  0x00000468       0xc0 build/pic32cm_gc_curiosity_pro/production/_ext/714998607/plib_adc.o
 .debug_ranges  0x00000528       0x10 build/pic32cm_gc_curiosity_pro/production/_ext/83206111/plib_clock.o
 .debug_ranges  0x00000538       0xb0 build/pic32cm_gc_curiosity_pro/production/_ext/690022278/plib_dmac.o
 .debug_ranges  0x000005e8       0x48 build/pic32cm_gc_curiosity_pro/production/_ext/714994608/plib_eic.o
 .debug_ranges  0x00000630       0x10 build/pic32cm_gc_curiosity_pro/production/_ext/85355597/plib_evsys.o
 .debug_ranges  0x00000640       0x50 build/pic32cm_gc_curiosity_pro/production/_ext/689715471/plib_nvic.o
 .debug_ranges  0x00000690       0x48 build/pic32cm_gc_curiosity_pro/production/_ext/392577996/plib_pm.o
 .debug_ranges  0x000006d8       0x60 build/pic32cm_gc_curiosity_pro/production/_ext/689662320/plib_port.o
 .debug_ranges  0x00000738      0x128 build/pic32cm_gc_curiosity_pro/production/_ext/1527759270/plib_sercom1_i2c_master.o
 .debug_ranges  0x00000860       0x68 build/pic32cm_gc_curiosity_pro/production/_ext/1036524628/plib_sercom2_spi_master.o
 .debug_ranges  0x000008c8      0x120 build/pic32cm_gc_curiosity_pro/production/_ext/2020896858/plib_sercom3_usart.o
 .debug_ranges  0x000009e8       0x98 build/pic32cm_gc_curiosity_pro/production/_ext/2020896858/plib_sercom4_usart.o
 .debug_ranges  0x00000a80       0x60 build/pic32cm_gc_curiosity_pro/production/_ext/714980379/plib_tcc0.o
 .debug_ranges  0x00000ae0       0x60 build/pic32cm_gc_curiosity_pro/production/_ext/714980379/plib_tcc1.o
 .debug_ranges  0x00000b40       0x60 build/pic32cm_gc_curiosity_pro/production/_ext/714980379/plib_tcc3.o